******************************************************************************
            TI ARM Clang Linker PC v4.0.1                      
******************************************************************************
>> Linked Wed Feb 26 22:44:28 2025

OUTPUT FILE NAME:   <gpio_toggle_output_LP_MSPM0G3507_nortos_ticlang.out>
ENTRY POINT SYMBOL: "_c_int00_noargs"  address: 00000c89


MEMORY CONFIGURATION

         name            origin    length      used     unused   attr    fill
----------------------  --------  ---------  --------  --------  ----  --------
  FLASH                 00000000   00020000  00000e58  0001f1a8  R  X
  SRAM                  20200000   00008000  000004c4  00007b3c  RW X
  BCR_CONFIG            41c00000   00000080  00000000  00000080  R   
  BSL_CONFIG            41c00100   00000080  00000000  00000080  R   


SEGMENT ALLOCATION MAP

run origin  load origin   length   init length attrs members
----------  ----------- ---------- ----------- ----- -------
00000000    00000000    00000e58   00000e58    r-x
  00000000    00000000    000000c0   000000c0    r-- .intvecs
  000000c0    000000c0    00000cd8   00000cd8    r-x .text
  00000d98    00000d98    00000090   00000090    r-- .rodata
  00000e28    00000e28    00000030   00000030    r-- .cinit
20200000    20200000    000002c4   00000000    rw-
  20200000    20200000    000002b8   00000000    rw- .bss
  202002b8    202002b8    0000000c   00000000    rw- .data
20207e00    20207e00    00000200   00000000    rw-
  20207e00    20207e00    00000200   00000000    rw- .stack


SECTION ALLOCATION MAP

 output                                  attributes/
section   page    origin      length       input sections
--------  ----  ----------  ----------   ----------------
.intvecs   0    00000000    000000c0     
                  00000000    000000c0     startup_mspm0g350x_ticlang.o (.intvecs)

.text      0    000000c0    00000cd8     
                  000000c0    00000104     driverlib.a : dl_timer.o (.text.DL_Timer_initFourCCPWMMode)
                  000001c4    000000e8                 : dl_timer.o (.text.DL_Timer_initTimerMode)
                  000002ac    000000dc                 : dl_sysctl_mspm0g1x0x_g3x0x.o (.text.DL_SYSCTL_configSYSPLL)
                  00000388    000000ac     ti_msp_dl_config.o (.text.SYSCFG_DL_initPower)
                  00000434    0000009a     libc.a : memcpy16.S.obj (.text:memcpy)
                  000004ce    00000002     startup_mspm0g350x_ticlang.o (.text.Default_Handler)
                  000004d0    00000090     ti_msp_dl_config.o (.text.SYSCFG_DL_PWM_1_init)
                  00000560    00000090     ti_msp_dl_config.o (.text.SYSCFG_DL_PWM_2_init)
                  000005f0    0000007c     ti_msp_dl_config.o (.text.SYSCFG_DL_ADC12_0_init)
                  0000066c    0000007c     libc.a : copy_decompress_lzss.c.obj (.text:decompress:lzss)
                  000006e8    00000074     ti_msp_dl_config.o (.text.SYSCFG_DL_SYSCTL_init)
                  0000075c    0000006c     ti_msp_dl_config.o (.text.SYSCFG_DL_PWM_0_init)
                  000007c8    00000068     ti_msp_dl_config.o (.text.SYSCFG_DL_init)
                  00000830    00000064     driverlib.a : dl_sysctl_mspm0g1x0x_g3x0x.o (.text.DL_SYSCTL_setHFCLKSourceHFXTParams)
                  00000894    00000064     ti_msp_dl_config.o (.text.SYSCFG_DL_GPIO_init)
                  000008f8    00000060     gpio_toggle_output.o (.text.GROUP1_IRQHandler)
                  00000958    00000060     gpio_toggle_output.o (.text.main)
                  000009b8    0000005c     ti_msp_dl_config.o (.text.SYSCFG_DL_COMP_0_init)
                  00000a14    0000005c     ti_msp_dl_config.o (.text.SYSCFG_DL_COMP_1_init)
                  00000a70    00000048     ti_msp_dl_config.o (.text.SYSCFG_DL_TIMER_1_init)
                  00000ab8    00000044     driverlib.a : dl_sysctl_mspm0g1x0x_g3x0x.o (.text.DL_SYSCTL_switchMCLKfromSYSOSCtoHSCLK)
                  00000afc    00000040                 : dl_adc12.o (.text.DL_ADC12_setClockConfig)
                  00000b3c    00000040     ti_msp_dl_config.o (.text.SYSCFG_DL_TIMER_0_init)
                  00000b7c    00000040     gpio_toggle_output.o (.text.SysTick_Handler)
                  00000bbc    0000003c     libc.a : autoinit.c.obj (.text:__TI_auto_init_nobinit_nopinit)
                  00000bf8    00000034     ti_msp_dl_config.o (.text.SYSCFG_DL_OPA_1_init)
                  00000c2c    00000030     ti_msp_dl_config.o (.text.SYSCFG_DL_SYSTICK_init)
                  00000c5c    0000002c     ti_msp_dl_config.o (.text.SYSCFG_DL_OPA_0_init)
                  00000c88    00000028     libc.a : boot_cortex_m.c.obj (.text:_c_int00_noargs)
                  00000cb0    00000022     driverlib.a : dl_vref.o (.text.DL_VREF_configReference)
                  00000cd2    00000002     --HOLE-- [fill = 0]
                  00000cd4    0000001c                 : dl_timer.o (.text.DL_Timer_setCaptCompUpdateMethod)
                  00000cf0    0000001c                 : dl_timer.o (.text.DL_Timer_setClockConfig)
                  00000d0c    00000018                 : dl_timer.o (.text.DL_Timer_setCaptureCompareOutCtl)
                  00000d24    00000016     libc.a : copy_zero_init.c.obj (.text:decompress:ZI:__TI_zero_init_nomemset)
                  00000d3a    00000002     --HOLE-- [fill = 0]
                  00000d3c    00000014     ti_msp_dl_config.o (.text.SYSCFG_DL_VREF_init)
                  00000d50    00000012     libc.a : copy_decompress_none.c.obj (.text:decompress:none)
                  00000d62    00000002     --HOLE-- [fill = 0]
                  00000d64    00000010     driverlib.a : dl_timer.o (.text.DL_Timer_setCaptureCompareValue)
                  00000d74    0000000a                 : dl_common.o (.text.DL_Common_delayCycles)
                  00000d7e    00000002     --HOLE-- [fill = 0]
                  00000d80    00000008     libclang_rt.builtins.a : aeabi_memcpy.S.obj (.text.__aeabi_memcpy)
                  00000d88    00000004     startup_mspm0g350x_ticlang.o (.text.Reset_Handler)
                  00000d8c    00000004     libc.a : pre_init.c.obj (.text._system_pre_init)
                  00000d90    00000004            : exit.c.obj (.text:abort)
                  00000d94    00000004     --HOLE-- [fill = 0]

.cinit     0    00000e28    00000030     
                  00000e28    0000000c     (__TI_handler_table)
                  00000e34    00000008     (.cinit..bss.load) [load image, compression = zero_init]
                  00000e3c    00000007     (.cinit..data.load) [load image, compression = lzss]
                  00000e43    00000001     --HOLE-- [fill = 0]
                  00000e44    00000010     (__TI_cinit_table)
                  00000e54    00000004     --HOLE-- [fill = 0]

.rodata    0    00000d98    00000090     
                  00000d98    00000028     ti_msp_dl_config.o (.rodata.gSYSPLLConfig)
                  00000dc0    00000014     ti_msp_dl_config.o (.rodata.gTIMER_0TimerConfig)
                  00000dd4    00000014     ti_msp_dl_config.o (.rodata.gTIMER_1TimerConfig)
                  00000de8    0000000c     ti_msp_dl_config.o (.rodata.gVREFConfig)
                  00000df4    00000008     ti_msp_dl_config.o (.rodata.gADC12_0ClockConfig)
                  00000dfc    00000008     ti_msp_dl_config.o (.rodata.gPWM_0Config)
                  00000e04    00000008     ti_msp_dl_config.o (.rodata.gPWM_1Config)
                  00000e0c    00000008     ti_msp_dl_config.o (.rodata.gPWM_2Config)
                  00000e14    00000003     ti_msp_dl_config.o (.rodata.gPWM_0ClockConfig)
                  00000e17    00000003     ti_msp_dl_config.o (.rodata.gPWM_1ClockConfig)
                  00000e1a    00000003     ti_msp_dl_config.o (.rodata.gPWM_2ClockConfig)
                  00000e1d    00000003     ti_msp_dl_config.o (.rodata.gTIMER_0ClockConfig)
                  00000e20    00000003     ti_msp_dl_config.o (.rodata.gTIMER_1ClockConfig)
                  00000e23    00000005     --HOLE-- [fill = 0]

.init_array 
*          0    00000000    00000000     UNINITIALIZED

.binit     0    00000000    00000000     

.bss       0    20200000    000002b8     UNINITIALIZED
                  20200000    000000bc     (.common:gTIMER_0Backup)
                  202000bc    000000bc     (.common:gTIMER_1Backup)
                  20200178    000000a0     (.common:gPWM_1Backup)
                  20200218    000000a0     (.common:gPWM_2Backup)

.data      0    202002b8    0000000c     UNINITIALIZED
                  202002b8    00000004     gpio_toggle_output.o (.data.comp_t0)
                  202002bc    00000004     gpio_toggle_output.o (.data.comp_t1)
                  202002c0    00000004     gpio_toggle_output.o (.data.utick)

.stack     0    20207e00    00000200     UNINITIALIZED
                  20207e00    00000004     libc.a : boot_cortex_m.c.obj (.stack)
                  20207e04    000001fc     --HOLE--

__llvm_prf_cnts 
*          0    20200000    00000000     UNINITIALIZED

__llvm_prf_bits 
*          0    20200000    00000000     UNINITIALIZED

MODULE SUMMARY

       Module                         code   ro data   rw data
       ------                         ----   -------   -------
    .\
       ti_msp_dl_config.o             1496   139       696    
       gpio_toggle_output.o           256    0         12     
       startup_mspm0g350x_ticlang.o   6      192       0      
    +--+------------------------------+------+---------+---------+
       Total:                         1758   331       708    
                                                              
    C:/ti/mspm0_sdk_2_03_00_07/source/ti/driverlib/lib/ticlang/m0p/mspm0g1x0x_g3x0x/driverlib.a
       dl_timer.o                     588    0         0      
       dl_sysctl_mspm0g1x0x_g3x0x.o   388    0         0      
       dl_adc12.o                     64     0         0      
       dl_vref.o                      34     0         0      
       dl_common.o                    10     0         0      
    +--+------------------------------+------+---------+---------+
       Total:                         1084   0         0      
                                                              
    C:\ti\ccs2002\ccs\tools\compiler\ti-cgt-armllvm_4.0.1.LTS\lib\armv6m-ti-none-eabi/c/libc.a
       memcpy16.S.obj                 154    0         0      
       copy_decompress_lzss.c.obj     124    0         0      
       autoinit.c.obj                 60     0         0      
       boot_cortex_m.c.obj            40     0         0      
       copy_zero_init.c.obj           22     0         0      
       copy_decompress_none.c.obj     18     0         0      
       exit.c.obj                     4      0         0      
       pre_init.c.obj                 4      0         0      
    +--+------------------------------+------+---------+---------+
       Total:                         426    0         0      
                                                              
    C:\ti\ccs2002\ccs\tools\compiler\ti-cgt-armllvm_4.0.1.LTS\lib\armv6m-ti-none-eabi/libclang_rt.builtins.a
       aeabi_memcpy.S.obj             8      0         0      
    +--+------------------------------+------+---------+---------+
       Total:                         8      0         0      
                                                              
       Stack:                         0      0         512    
       Linker Generated:              0      43        0      
    +--+------------------------------+------+---------+---------+
       Grand Total:                   3276   374       1220   


LINKER GENERATED COPY TABLES

__TI_cinit_table @ 00000e44 records: 2, size/record: 8, table size: 16
	.bss: load addr=00000e34, load size=00000008 bytes, run addr=20200000, run size=000002b8 bytes, compression=zero_init
	.data: load addr=00000e3c, load size=00000007 bytes, run addr=202002b8, run size=0000000c bytes, compression=lzss


LINKER GENERATED HANDLER TABLE

__TI_handler_table @ 00000e28 records: 3, size/record: 4, table size: 12
	index: 0, handler: __TI_decompress_lzss
	index: 1, handler: __TI_decompress_none
	index: 2, handler: __TI_zero_init


GLOBAL SYMBOLS: SORTED ALPHABETICALLY BY Name 

address   name                                 
-------   ----                                 
000004cf  ADC0_IRQHandler                      
000004cf  ADC1_IRQHandler                      
000004cf  AES_IRQHandler                       
00000d90  C$$EXIT                              
000004cf  CANFD0_IRQHandler                    
000004cf  DAC0_IRQHandler                      
00000afd  DL_ADC12_setClockConfig              
00000d75  DL_Common_delayCycles                
000002ad  DL_SYSCTL_configSYSPLL               
00000831  DL_SYSCTL_setHFCLKSourceHFXTParams   
00000ab9  DL_SYSCTL_switchMCLKfromSYSOSCtoHSCLK
000000c1  DL_Timer_initFourCCPWMMode           
000001c5  DL_Timer_initTimerMode               
00000cd5  DL_Timer_setCaptCompUpdateMethod     
00000d0d  DL_Timer_setCaptureCompareOutCtl     
00000d65  DL_Timer_setCaptureCompareValue      
00000cf1  DL_Timer_setClockConfig              
00000cb1  DL_VREF_configReference              
000004cf  DMA_IRQHandler                       
000004cf  Default_Handler                      
000004cf  GROUP0_IRQHandler                    
000008f9  GROUP1_IRQHandler                    
000004cf  HardFault_Handler                    
000004cf  I2C0_IRQHandler                      
000004cf  I2C1_IRQHandler                      
000004cf  NMI_Handler                          
000004cf  PendSV_Handler                       
000004cf  RTC_IRQHandler                       
00000d89  Reset_Handler                        
000004cf  SPI0_IRQHandler                      
000004cf  SPI1_IRQHandler                      
000004cf  SVC_Handler                          
000005f1  SYSCFG_DL_ADC12_0_init               
000009b9  SYSCFG_DL_COMP_0_init                
00000a15  SYSCFG_DL_COMP_1_init                
00000895  SYSCFG_DL_GPIO_init                  
00000c5d  SYSCFG_DL_OPA_0_init                 
00000bf9  SYSCFG_DL_OPA_1_init                 
0000075d  SYSCFG_DL_PWM_0_init                 
000004d1  SYSCFG_DL_PWM_1_init                 
00000561  SYSCFG_DL_PWM_2_init                 
000006e9  SYSCFG_DL_SYSCTL_init                
00000c2d  SYSCFG_DL_SYSTICK_init               
00000b3d  SYSCFG_DL_TIMER_0_init               
00000a71  SYSCFG_DL_TIMER_1_init               
00000d3d  SYSCFG_DL_VREF_init                  
000007c9  SYSCFG_DL_init                       
00000389  SYSCFG_DL_initPower                  
00000b7d  SysTick_Handler                      
000004cf  TIMA0_IRQHandler                     
000004cf  TIMA1_IRQHandler                     
000004cf  TIMG0_IRQHandler                     
000004cf  TIMG12_IRQHandler                    
000004cf  TIMG6_IRQHandler                     
000004cf  TIMG7_IRQHandler                     
000004cf  TIMG8_IRQHandler                     
000004cf  UART0_IRQHandler                     
000004cf  UART1_IRQHandler                     
000004cf  UART2_IRQHandler                     
000004cf  UART3_IRQHandler                     
20208000  __STACK_END                          
00000200  __STACK_SIZE                         
00000000  __TI_ATRegion0_region_sz             
00000000  __TI_ATRegion0_src_addr              
00000000  __TI_ATRegion0_trg_addr              
00000000  __TI_ATRegion1_region_sz             
00000000  __TI_ATRegion1_src_addr              
00000000  __TI_ATRegion1_trg_addr              
00000000  __TI_ATRegion2_region_sz             
00000000  __TI_ATRegion2_src_addr              
00000000  __TI_ATRegion2_trg_addr              
00000e44  __TI_CINIT_Base                      
00000e54  __TI_CINIT_Limit                     
00000e54  __TI_CINIT_Warm                      
00000e28  __TI_Handler_Table_Base              
00000e34  __TI_Handler_Table_Limit             
00000bbd  __TI_auto_init_nobinit_nopinit       
0000066d  __TI_decompress_lzss                 
00000d51  __TI_decompress_none                 
ffffffff  __TI_pprof_out_hndl                  
ffffffff  __TI_prof_data_size                  
ffffffff  __TI_prof_data_start                 
00000000  __TI_static_base__                   
00000d25  __TI_zero_init_nomemset              
00000d81  __aeabi_memcpy                       
00000d81  __aeabi_memcpy4                      
00000d81  __aeabi_memcpy8                      
ffffffff  __binit__                            
UNDEFED   __mpu_init                           
20207e00  __stack                              
20200000  __start___llvm_prf_bits              
20200000  __start___llvm_prf_cnts              
20200000  __stop___llvm_prf_bits               
20200000  __stop___llvm_prf_cnts               
00000c89  _c_int00_noargs                      
UNDEFED   _system_post_cinit                   
00000d8d  _system_pre_init                     
00000d91  abort                                
ffffffff  binit                                
202002b8  comp_t0                              
202002bc  comp_t1                              
20200178  gPWM_1Backup                         
20200218  gPWM_2Backup                         
20200000  gTIMER_0Backup                       
202000bc  gTIMER_1Backup                       
00000000  interruptVectors                     
00000959  main                                 
00000435  memcpy                               
202002c0  utick                                


GLOBAL SYMBOLS: SORTED BY Symbol Address 

address   name                                 
-------   ----                                 
00000000  __TI_ATRegion0_region_sz             
00000000  __TI_ATRegion0_src_addr              
00000000  __TI_ATRegion0_trg_addr              
00000000  __TI_ATRegion1_region_sz             
00000000  __TI_ATRegion1_src_addr              
00000000  __TI_ATRegion1_trg_addr              
00000000  __TI_ATRegion2_region_sz             
00000000  __TI_ATRegion2_src_addr              
00000000  __TI_ATRegion2_trg_addr              
00000000  __TI_static_base__                   
00000000  interruptVectors                     
000000c1  DL_Timer_initFourCCPWMMode           
000001c5  DL_Timer_initTimerMode               
00000200  __STACK_SIZE                         
000002ad  DL_SYSCTL_configSYSPLL               
00000389  SYSCFG_DL_initPower                  
00000435  memcpy                               
000004cf  ADC0_IRQHandler                      
000004cf  ADC1_IRQHandler                      
000004cf  AES_IRQHandler                       
000004cf  CANFD0_IRQHandler                    
000004cf  DAC0_IRQHandler                      
000004cf  DMA_IRQHandler                       
000004cf  Default_Handler                      
000004cf  GROUP0_IRQHandler                    
000004cf  HardFault_Handler                    
000004cf  I2C0_IRQHandler                      
000004cf  I2C1_IRQHandler                      
000004cf  NMI_Handler                          
000004cf  PendSV_Handler                       
000004cf  RTC_IRQHandler                       
000004cf  SPI0_IRQHandler                      
000004cf  SPI1_IRQHandler                      
000004cf  SVC_Handler                          
000004cf  TIMA0_IRQHandler                     
000004cf  TIMA1_IRQHandler                     
000004cf  TIMG0_IRQHandler                     
000004cf  TIMG12_IRQHandler                    
000004cf  TIMG6_IRQHandler                     
000004cf  TIMG7_IRQHandler                     
000004cf  TIMG8_IRQHandler                     
000004cf  UART0_IRQHandler                     
000004cf  UART1_IRQHandler                     
000004cf  UART2_IRQHandler                     
000004cf  UART3_IRQHandler                     
000004d1  SYSCFG_DL_PWM_1_init                 
00000561  SYSCFG_DL_PWM_2_init                 
000005f1  SYSCFG_DL_ADC12_0_init               
0000066d  __TI_decompress_lzss                 
000006e9  SYSCFG_DL_SYSCTL_init                
0000075d  SYSCFG_DL_PWM_0_init                 
000007c9  SYSCFG_DL_init                       
00000831  DL_SYSCTL_setHFCLKSourceHFXTParams   
00000895  SYSCFG_DL_GPIO_init                  
000008f9  GROUP1_IRQHandler                    
00000959  main                                 
000009b9  SYSCFG_DL_COMP_0_init                
00000a15  SYSCFG_DL_COMP_1_init                
00000a71  SYSCFG_DL_TIMER_1_init               
00000ab9  DL_SYSCTL_switchMCLKfromSYSOSCtoHSCLK
00000afd  DL_ADC12_setClockConfig              
00000b3d  SYSCFG_DL_TIMER_0_init               
00000b7d  SysTick_Handler                      
00000bbd  __TI_auto_init_nobinit_nopinit       
00000bf9  SYSCFG_DL_OPA_1_init                 
00000c2d  SYSCFG_DL_SYSTICK_init               
00000c5d  SYSCFG_DL_OPA_0_init                 
00000c89  _c_int00_noargs                      
00000cb1  DL_VREF_configReference              
00000cd5  DL_Timer_setCaptCompUpdateMethod     
00000cf1  DL_Timer_setClockConfig              
00000d0d  DL_Timer_setCaptureCompareOutCtl     
00000d25  __TI_zero_init_nomemset              
00000d3d  SYSCFG_DL_VREF_init                  
00000d51  __TI_decompress_none                 
00000d65  DL_Timer_setCaptureCompareValue      
00000d75  DL_Common_delayCycles                
00000d81  __aeabi_memcpy                       
00000d81  __aeabi_memcpy4                      
00000d81  __aeabi_memcpy8                      
00000d89  Reset_Handler                        
00000d8d  _system_pre_init                     
00000d90  C$$EXIT                              
00000d91  abort                                
00000e28  __TI_Handler_Table_Base              
00000e34  __TI_Handler_Table_Limit             
00000e44  __TI_CINIT_Base                      
00000e54  __TI_CINIT_Limit                     
00000e54  __TI_CINIT_Warm                      
20200000  __start___llvm_prf_bits              
20200000  __start___llvm_prf_cnts              
20200000  __stop___llvm_prf_bits               
20200000  __stop___llvm_prf_cnts               
20200000  gTIMER_0Backup                       
202000bc  gTIMER_1Backup                       
20200178  gPWM_1Backup                         
20200218  gPWM_2Backup                         
202002b8  comp_t0                              
202002bc  comp_t1                              
202002c0  utick                                
20207e00  __stack                              
20208000  __STACK_END                          
ffffffff  __TI_pprof_out_hndl                  
ffffffff  __TI_prof_data_size                  
ffffffff  __TI_prof_data_start                 
ffffffff  __binit__                            
ffffffff  binit                                
UNDEFED   __mpu_init                           
UNDEFED   _system_post_cinit                   

[109 symbols]
