******************************************************************************
            TI ARM Clang Linker PC v4.0.1                      
******************************************************************************
>> Linked Thu Feb 27 23:57:23 2025

OUTPUT FILE NAME:   <gpio_toggle_output_LP_MSPM0G3507_nortos_ticlang.out>
ENTRY POINT SYMBOL: "_c_int00_noargs"  address: 00000e15


MEMORY CONFIGURATION

         name            origin    length      used     unused   attr    fill
----------------------  --------  ---------  --------  --------  ----  --------
  FLASH                 00000000   00020000  00001040  0001efc0  R  X
  SRAM                  20200000   00008000  000004f4  00007b0c  RW X
  BCR_CONFIG            41c00000   00000080  00000000  00000080  R   
  BSL_CONFIG            41c00100   00000080  00000000  00000080  R   


SEGMENT ALLOCATION MAP

run origin  load origin   length   init length attrs members
----------  ----------- ---------- ----------- ----- -------
00000000    00000000    00001040   00001040    r-x
  00000000    00000000    000000c0   000000c0    r-- .intvecs
  000000c0    000000c0    00000ea0   00000ea0    r-x .text
  00000f60    00000f60    000000a8   000000a8    r-- .rodata
  00001008    00001008    00000038   00000038    r-- .cinit
20200000    20200000    000002f4   00000000    rw-
  20200000    20200000    000002d0   00000000    rw- .bss
  202002d0    202002d0    00000024   00000000    rw- .data
20207e00    20207e00    00000200   00000000    rw-
  20207e00    20207e00    00000200   00000000    rw- .stack


SECTION ALLOCATION MAP

 output                                  attributes/
section   page    origin      length       input sections
--------  ----  ----------  ----------   ----------------
.intvecs   0    00000000    000000c0     
                  00000000    000000c0     startup_mspm0g350x_ticlang.o (.intvecs)

.text      0    000000c0    00000ea0     
                  000000c0    0000013c     gpio_toggle_output.o (.text.GROUP1_IRQHandler)
                  000001fc    00000104     driverlib.a : dl_timer.o (.text.DL_Timer_initFourCCPWMMode)
                  00000300    000000e8                 : dl_timer.o (.text.DL_Timer_initTimerMode)
                  000003e8    000000dc                 : dl_sysctl_mspm0g1x0x_g3x0x.o (.text.DL_SYSCTL_configSYSPLL)
                  000004c4    000000b8     ti_msp_dl_config.o (.text.SYSCFG_DL_initPower)
                  0000057c    0000009a     libc.a : memcpy16.S.obj (.text:memcpy)
                  00000616    00000002     startup_mspm0g350x_ticlang.o (.text.Default_Handler)
                  00000618    00000090     ti_msp_dl_config.o (.text.SYSCFG_DL_PWM_1_init)
                  000006a8    00000090     ti_msp_dl_config.o (.text.SYSCFG_DL_PWM_2_init)
                  00000738    00000084     gpio_toggle_output.o (.text.SysTick_Handler)
                  000007bc    0000007c     ti_msp_dl_config.o (.text.SYSCFG_DL_ADC12_0_init)
                  00000838    0000007c     gpio_toggle_output.o (.text.main)
                  000008b4    0000007c     libc.a : copy_decompress_lzss.c.obj (.text:decompress:lzss)
                  00000930    00000074     ti_msp_dl_config.o (.text.SYSCFG_DL_SYSCTL_init)
                  000009a4    0000006c     ti_msp_dl_config.o (.text.SYSCFG_DL_PWM_0_init)
                  00000a10    0000006c     ti_msp_dl_config.o (.text.SYSCFG_DL_init)
                  00000a7c    00000064     driverlib.a : dl_sysctl_mspm0g1x0x_g3x0x.o (.text.DL_SYSCTL_setHFCLKSourceHFXTParams)
                  00000ae0    00000064     ti_msp_dl_config.o (.text.SYSCFG_DL_GPIO_init)
                  00000b44    0000005c     ti_msp_dl_config.o (.text.SYSCFG_DL_COMP_0_init)
                  00000ba0    0000005c     ti_msp_dl_config.o (.text.SYSCFG_DL_COMP_1_init)
                  00000bfc    00000050     ti_msp_dl_config.o (.text.SYSCFG_DL_TIMER_1_init)
                  00000c4c    00000044     driverlib.a : dl_sysctl_mspm0g1x0x_g3x0x.o (.text.DL_SYSCTL_switchMCLKfromSYSOSCtoHSCLK)
                  00000c90    00000040                 : dl_adc12.o (.text.DL_ADC12_setClockConfig)
                  00000cd0    00000040     ti_msp_dl_config.o (.text.SYSCFG_DL_TIMER_0_init)
                  00000d10    0000003c     libc.a : autoinit.c.obj (.text:__TI_auto_init_nobinit_nopinit)
                  00000d4c    00000038     ti_msp_dl_config.o (.text.SYSCFG_DL_TIMER_2_init)
                  00000d84    00000034     ti_msp_dl_config.o (.text.SYSCFG_DL_OPA_1_init)
                  00000db8    00000030     ti_msp_dl_config.o (.text.SYSCFG_DL_SYSTICK_init)
                  00000de8    0000002c     ti_msp_dl_config.o (.text.SYSCFG_DL_OPA_0_init)
                  00000e14    00000028     libc.a : boot_cortex_m.c.obj (.text:_c_int00_noargs)
                  00000e3c    00000024     gpio_toggle_output.o (.text.TIMG8_IRQHandler)
                  00000e60    00000022     driverlib.a : dl_vref.o (.text.DL_VREF_configReference)
                  00000e82    00000002     --HOLE-- [fill = 0]
                  00000e84    0000001c                 : dl_timer.o (.text.DL_Timer_setCaptCompUpdateMethod)
                  00000ea0    0000001c                 : dl_timer.o (.text.DL_Timer_setClockConfig)
                  00000ebc    0000001c     gpio_toggle_output.o (.text.TIMA1_IRQHandler)
                  00000ed8    00000018     driverlib.a : dl_timer.o (.text.DL_Timer_setCaptureCompareOutCtl)
                  00000ef0    00000016     libc.a : copy_zero_init.c.obj (.text:decompress:ZI:__TI_zero_init_nomemset)
                  00000f06    00000002     --HOLE-- [fill = 0]
                  00000f08    00000014     ti_msp_dl_config.o (.text.SYSCFG_DL_VREF_init)
                  00000f1c    00000012     libc.a : copy_decompress_none.c.obj (.text:decompress:none)
                  00000f2e    00000002     --HOLE-- [fill = 0]
                  00000f30    00000010     driverlib.a : dl_timer.o (.text.DL_Timer_setCaptureCompareValue)
                  00000f40    0000000a                 : dl_common.o (.text.DL_Common_delayCycles)
                  00000f4a    00000002     --HOLE-- [fill = 0]
                  00000f4c    00000008     libclang_rt.builtins.a : aeabi_memcpy.S.obj (.text.__aeabi_memcpy)
                  00000f54    00000004     startup_mspm0g350x_ticlang.o (.text.Reset_Handler)
                  00000f58    00000004     libc.a : pre_init.c.obj (.text._system_pre_init)
                  00000f5c    00000004            : exit.c.obj (.text:abort)

.cinit     0    00001008    00000038     
                  00001008    0000000f     (.cinit..data.load) [load image, compression = lzss]
                  00001017    00000001     --HOLE-- [fill = 0]
                  00001018    0000000c     (__TI_handler_table)
                  00001024    00000008     (.cinit..bss.load) [load image, compression = zero_init]
                  0000102c    00000010     (__TI_cinit_table)
                  0000103c    00000004     --HOLE-- [fill = 0]

.rodata    0    00000f60    000000a8     
                  00000f60    00000028     ti_msp_dl_config.o (.rodata.gSYSPLLConfig)
                  00000f88    00000014     ti_msp_dl_config.o (.rodata.gTIMER_0TimerConfig)
                  00000f9c    00000014     ti_msp_dl_config.o (.rodata.gTIMER_1TimerConfig)
                  00000fb0    00000014     ti_msp_dl_config.o (.rodata.gTIMER_2TimerConfig)
                  00000fc4    0000000c     ti_msp_dl_config.o (.rodata.gVREFConfig)
                  00000fd0    00000008     ti_msp_dl_config.o (.rodata.gADC12_0ClockConfig)
                  00000fd8    00000008     ti_msp_dl_config.o (.rodata.gPWM_0Config)
                  00000fe0    00000008     ti_msp_dl_config.o (.rodata.gPWM_1Config)
                  00000fe8    00000008     ti_msp_dl_config.o (.rodata.gPWM_2Config)
                  00000ff0    00000003     ti_msp_dl_config.o (.rodata.gPWM_0ClockConfig)
                  00000ff3    00000003     ti_msp_dl_config.o (.rodata.gPWM_1ClockConfig)
                  00000ff6    00000003     ti_msp_dl_config.o (.rodata.gPWM_2ClockConfig)
                  00000ff9    00000003     ti_msp_dl_config.o (.rodata.gTIMER_0ClockConfig)
                  00000ffc    00000003     ti_msp_dl_config.o (.rodata.gTIMER_1ClockConfig)
                  00000fff    00000003     ti_msp_dl_config.o (.rodata.gTIMER_2ClockConfig)
                  00001002    00000006     --HOLE-- [fill = 0]

.init_array 
*          0    00000000    00000000     UNINITIALIZED

.binit     0    00000000    00000000     

.bss       0    20200000    000002d0     UNINITIALIZED
                  20200000    000000bc     (.common:gTIMER_0Backup)
                  202000bc    000000bc     (.common:gTIMER_1Backup)
                  20200178    000000a0     (.common:gPWM_1Backup)
                  20200218    000000a0     (.common:gPWM_2Backup)
                  202002b8    00000014     (.common:data)
                  202002cc    00000004     (.common:pulse_width)

.data      0    202002d0    00000024     UNINITIALIZED
                  202002d0    00000004     gpio_toggle_output.o (.data.comp_t0)
                  202002d4    00000004     gpio_toggle_output.o (.data.comp_t1)
                  202002d8    00000004     gpio_toggle_output.o (.data.dac0)
                  202002dc    00000004     gpio_toggle_output.o (.data.dac_th)
                  202002e0    00000004     gpio_toggle_output.o (.data.data_i)
                  202002e4    00000004     gpio_toggle_output.o (.data.detect_t)
                  202002e8    00000004     gpio_toggle_output.o (.data.detected)
                  202002ec    00000004     gpio_toggle_output.o (.data.remote_state)
                  202002f0    00000004     gpio_toggle_output.o (.data.utick)

.stack     0    20207e00    00000200     UNINITIALIZED
                  20207e00    00000004     libc.a : boot_cortex_m.c.obj (.stack)
                  20207e04    000001fc     --HOLE--

__llvm_prf_cnts 
*          0    20200000    00000000     UNINITIALIZED

__llvm_prf_bits 
*          0    20200000    00000000     UNINITIALIZED

MODULE SUMMARY

       Module                         code   ro data   rw data
       ------                         ----   -------   -------
    .\
       ti_msp_dl_config.o             1576   162       696    
       gpio_toggle_output.o           636    0         60     
       startup_mspm0g350x_ticlang.o   6      192       0      
    +--+------------------------------+------+---------+---------+
       Total:                         2218   354       756    
                                                              
    C:/ti/mspm0_sdk_2_03_00_07/source/ti/driverlib/lib/ticlang/m0p/mspm0g1x0x_g3x0x/driverlib.a
       dl_timer.o                     588    0         0      
       dl_sysctl_mspm0g1x0x_g3x0x.o   388    0         0      
       dl_adc12.o                     64     0         0      
       dl_vref.o                      34     0         0      
       dl_common.o                    10     0         0      
    +--+------------------------------+------+---------+---------+
       Total:                         1084   0         0      
                                                              
    C:\ti\ccs2002\ccs\tools\compiler\ti-cgt-armllvm_4.0.1.LTS\lib\armv6m-ti-none-eabi/c/libc.a
       memcpy16.S.obj                 154    0         0      
       copy_decompress_lzss.c.obj     124    0         0      
       autoinit.c.obj                 60     0         0      
       boot_cortex_m.c.obj            40     0         0      
       copy_zero_init.c.obj           22     0         0      
       copy_decompress_none.c.obj     18     0         0      
       exit.c.obj                     4      0         0      
       pre_init.c.obj                 4      0         0      
    +--+------------------------------+------+---------+---------+
       Total:                         426    0         0      
                                                              
    C:\ti\ccs2002\ccs\tools\compiler\ti-cgt-armllvm_4.0.1.LTS\lib\armv6m-ti-none-eabi/libclang_rt.builtins.a
       aeabi_memcpy.S.obj             8      0         0      
    +--+------------------------------+------+---------+---------+
       Total:                         8      0         0      
                                                              
       Stack:                         0      0         512    
       Linker Generated:              0      51        0      
    +--+------------------------------+------+---------+---------+
       Grand Total:                   3736   405       1268   


LINKER GENERATED COPY TABLES

__TI_cinit_table @ 0000102c records: 2, size/record: 8, table size: 16
	.data: load addr=00001008, load size=0000000f bytes, run addr=202002d0, run size=00000024 bytes, compression=lzss
	.bss: load addr=00001024, load size=00000008 bytes, run addr=20200000, run size=000002d0 bytes, compression=zero_init


LINKER GENERATED HANDLER TABLE

__TI_handler_table @ 00001018 records: 3, size/record: 4, table size: 12
	index: 0, handler: __TI_decompress_lzss
	index: 1, handler: __TI_decompress_none
	index: 2, handler: __TI_zero_init


GLOBAL SYMBOLS: SORTED ALPHABETICALLY BY Name 

address   name                                 
-------   ----                                 
00000617  ADC0_IRQHandler                      
00000617  ADC1_IRQHandler                      
00000617  AES_IRQHandler                       
00000f5c  C$$EXIT                              
00000617  CANFD0_IRQHandler                    
00000617  DAC0_IRQHandler                      
00000c91  DL_ADC12_setClockConfig              
00000f41  DL_Common_delayCycles                
000003e9  DL_SYSCTL_configSYSPLL               
00000a7d  DL_SYSCTL_setHFCLKSourceHFXTParams   
00000c4d  DL_SYSCTL_switchMCLKfromSYSOSCtoHSCLK
000001fd  DL_Timer_initFourCCPWMMode           
00000301  DL_Timer_initTimerMode               
00000e85  DL_Timer_setCaptCompUpdateMethod     
00000ed9  DL_Timer_setCaptureCompareOutCtl     
00000f31  DL_Timer_setCaptureCompareValue      
00000ea1  DL_Timer_setClockConfig              
00000e61  DL_VREF_configReference              
00000617  DMA_IRQHandler                       
00000617  Default_Handler                      
00000617  GROUP0_IRQHandler                    
000000c1  GROUP1_IRQHandler                    
00000617  HardFault_Handler                    
00000617  I2C0_IRQHandler                      
00000617  I2C1_IRQHandler                      
00000617  NMI_Handler                          
00000617  PendSV_Handler                       
00000617  RTC_IRQHandler                       
00000f55  Reset_Handler                        
00000617  SPI0_IRQHandler                      
00000617  SPI1_IRQHandler                      
00000617  SVC_Handler                          
000007bd  SYSCFG_DL_ADC12_0_init               
00000b45  SYSCFG_DL_COMP_0_init                
00000ba1  SYSCFG_DL_COMP_1_init                
00000ae1  SYSCFG_DL_GPIO_init                  
00000de9  SYSCFG_DL_OPA_0_init                 
00000d85  SYSCFG_DL_OPA_1_init                 
000009a5  SYSCFG_DL_PWM_0_init                 
00000619  SYSCFG_DL_PWM_1_init                 
000006a9  SYSCFG_DL_PWM_2_init                 
00000931  SYSCFG_DL_SYSCTL_init                
00000db9  SYSCFG_DL_SYSTICK_init               
00000cd1  SYSCFG_DL_TIMER_0_init               
00000bfd  SYSCFG_DL_TIMER_1_init               
00000d4d  SYSCFG_DL_TIMER_2_init               
00000f09  SYSCFG_DL_VREF_init                  
00000a11  SYSCFG_DL_init                       
000004c5  SYSCFG_DL_initPower                  
00000739  SysTick_Handler                      
00000617  TIMA0_IRQHandler                     
00000ebd  TIMA1_IRQHandler                     
00000617  TIMG0_IRQHandler                     
00000617  TIMG12_IRQHandler                    
00000617  TIMG6_IRQHandler                     
00000617  TIMG7_IRQHandler                     
00000e3d  TIMG8_IRQHandler                     
00000617  UART0_IRQHandler                     
00000617  UART1_IRQHandler                     
00000617  UART2_IRQHandler                     
00000617  UART3_IRQHandler                     
20208000  __STACK_END                          
00000200  __STACK_SIZE                         
00000000  __TI_ATRegion0_region_sz             
00000000  __TI_ATRegion0_src_addr              
00000000  __TI_ATRegion0_trg_addr              
00000000  __TI_ATRegion1_region_sz             
00000000  __TI_ATRegion1_src_addr              
00000000  __TI_ATRegion1_trg_addr              
00000000  __TI_ATRegion2_region_sz             
00000000  __TI_ATRegion2_src_addr              
00000000  __TI_ATRegion2_trg_addr              
0000102c  __TI_CINIT_Base                      
0000103c  __TI_CINIT_Limit                     
0000103c  __TI_CINIT_Warm                      
00001018  __TI_Handler_Table_Base              
00001024  __TI_Handler_Table_Limit             
00000d11  __TI_auto_init_nobinit_nopinit       
000008b5  __TI_decompress_lzss                 
00000f1d  __TI_decompress_none                 
ffffffff  __TI_pprof_out_hndl                  
ffffffff  __TI_prof_data_size                  
ffffffff  __TI_prof_data_start                 
00000000  __TI_static_base__                   
00000ef1  __TI_zero_init_nomemset              
00000f4d  __aeabi_memcpy                       
00000f4d  __aeabi_memcpy4                      
00000f4d  __aeabi_memcpy8                      
ffffffff  __binit__                            
UNDEFED   __mpu_init                           
20207e00  __stack                              
20200000  __start___llvm_prf_bits              
20200000  __start___llvm_prf_cnts              
20200000  __stop___llvm_prf_bits               
20200000  __stop___llvm_prf_cnts               
00000e15  _c_int00_noargs                      
UNDEFED   _system_post_cinit                   
00000f59  _system_pre_init                     
00000f5d  abort                                
ffffffff  binit                                
202002d0  comp_t0                              
202002d4  comp_t1                              
202002d8  dac0                                 
202002dc  dac_th                               
202002b8  data                                 
202002e0  data_i                               
202002e4  detect_t                             
202002e8  detected                             
20200178  gPWM_1Backup                         
20200218  gPWM_2Backup                         
20200000  gTIMER_0Backup                       
202000bc  gTIMER_1Backup                       
00000000  interruptVectors                     
00000839  main                                 
0000057d  memcpy                               
202002cc  pulse_width                          
202002ec  remote_state                         
202002f0  utick                                


GLOBAL SYMBOLS: SORTED BY Symbol Address 

address   name                                 
-------   ----                                 
00000000  __TI_ATRegion0_region_sz             
00000000  __TI_ATRegion0_src_addr              
00000000  __TI_ATRegion0_trg_addr              
00000000  __TI_ATRegion1_region_sz             
00000000  __TI_ATRegion1_src_addr              
00000000  __TI_ATRegion1_trg_addr              
00000000  __TI_ATRegion2_region_sz             
00000000  __TI_ATRegion2_src_addr              
00000000  __TI_ATRegion2_trg_addr              
00000000  __TI_static_base__                   
00000000  interruptVectors                     
000000c1  GROUP1_IRQHandler                    
000001fd  DL_Timer_initFourCCPWMMode           
00000200  __STACK_SIZE                         
00000301  DL_Timer_initTimerMode               
000003e9  DL_SYSCTL_configSYSPLL               
000004c5  SYSCFG_DL_initPower                  
0000057d  memcpy                               
00000617  ADC0_IRQHandler                      
00000617  ADC1_IRQHandler                      
00000617  AES_IRQHandler                       
00000617  CANFD0_IRQHandler                    
00000617  DAC0_IRQHandler                      
00000617  DMA_IRQHandler                       
00000617  Default_Handler                      
00000617  GROUP0_IRQHandler                    
00000617  HardFault_Handler                    
00000617  I2C0_IRQHandler                      
00000617  I2C1_IRQHandler                      
00000617  NMI_Handler                          
00000617  PendSV_Handler                       
00000617  RTC_IRQHandler                       
00000617  SPI0_IRQHandler                      
00000617  SPI1_IRQHandler                      
00000617  SVC_Handler                          
00000617  TIMA0_IRQHandler                     
00000617  TIMG0_IRQHandler                     
00000617  TIMG12_IRQHandler                    
00000617  TIMG6_IRQHandler                     
00000617  TIMG7_IRQHandler                     
00000617  UART0_IRQHandler                     
00000617  UART1_IRQHandler                     
00000617  UART2_IRQHandler                     
00000617  UART3_IRQHandler                     
00000619  SYSCFG_DL_PWM_1_init                 
000006a9  SYSCFG_DL_PWM_2_init                 
00000739  SysTick_Handler                      
000007bd  SYSCFG_DL_ADC12_0_init               
00000839  main                                 
000008b5  __TI_decompress_lzss                 
00000931  SYSCFG_DL_SYSCTL_init                
000009a5  SYSCFG_DL_PWM_0_init                 
00000a11  SYSCFG_DL_init                       
00000a7d  DL_SYSCTL_setHFCLKSourceHFXTParams   
00000ae1  SYSCFG_DL_GPIO_init                  
00000b45  SYSCFG_DL_COMP_0_init                
00000ba1  SYSCFG_DL_COMP_1_init                
00000bfd  SYSCFG_DL_TIMER_1_init               
00000c4d  DL_SYSCTL_switchMCLKfromSYSOSCtoHSCLK
00000c91  DL_ADC12_setClockConfig              
00000cd1  SYSCFG_DL_TIMER_0_init               
00000d11  __TI_auto_init_nobinit_nopinit       
00000d4d  SYSCFG_DL_TIMER_2_init               
00000d85  SYSCFG_DL_OPA_1_init                 
00000db9  SYSCFG_DL_SYSTICK_init               
00000de9  SYSCFG_DL_OPA_0_init                 
00000e15  _c_int00_noargs                      
00000e3d  TIMG8_IRQHandler                     
00000e61  DL_VREF_configReference              
00000e85  DL_Timer_setCaptCompUpdateMethod     
00000ea1  DL_Timer_setClockConfig              
00000ebd  TIMA1_IRQHandler                     
00000ed9  DL_Timer_setCaptureCompareOutCtl     
00000ef1  __TI_zero_init_nomemset              
00000f09  SYSCFG_DL_VREF_init                  
00000f1d  __TI_decompress_none                 
00000f31  DL_Timer_setCaptureCompareValue      
00000f41  DL_Common_delayCycles                
00000f4d  __aeabi_memcpy                       
00000f4d  __aeabi_memcpy4                      
00000f4d  __aeabi_memcpy8                      
00000f55  Reset_Handler                        
00000f59  _system_pre_init                     
00000f5c  C$$EXIT                              
00000f5d  abort                                
00001018  __TI_Handler_Table_Base              
00001024  __TI_Handler_Table_Limit             
0000102c  __TI_CINIT_Base                      
0000103c  __TI_CINIT_Limit                     
0000103c  __TI_CINIT_Warm                      
20200000  __start___llvm_prf_bits              
20200000  __start___llvm_prf_cnts              
20200000  __stop___llvm_prf_bits               
20200000  __stop___llvm_prf_cnts               
20200000  gTIMER_0Backup                       
202000bc  gTIMER_1Backup                       
20200178  gPWM_1Backup                         
20200218  gPWM_2Backup                         
202002b8  data                                 
202002cc  pulse_width                          
202002d0  comp_t0                              
202002d4  comp_t1                              
202002d8  dac0                                 
202002dc  dac_th                               
202002e0  data_i                               
202002e4  detect_t                             
202002e8  detected                             
202002ec  remote_state                         
202002f0  utick                                
20207e00  __stack                              
20208000  __STACK_END                          
ffffffff  __TI_pprof_out_hndl                  
ffffffff  __TI_prof_data_size                  
ffffffff  __TI_prof_data_start                 
ffffffff  __binit__                            
ffffffff  binit                                
UNDEFED   __mpu_init                           
UNDEFED   _system_post_cinit                   

[118 symbols]
