******************************************************************************
            TI ARM Clang Linker PC v4.0.1                      
******************************************************************************
>> Linked Fri Feb 28 16:42:41 2025

OUTPUT FILE NAME:   <gpio_toggle_output_LP_MSPM0G3507_nortos_ticlang.out>
ENTRY POINT SYMBOL: "_c_int00_noargs"  address: 0000104d


MEMORY CONFIGURATION

         name            origin    length      used     unused   attr    fill
----------------------  --------  ---------  --------  --------  ----  --------
  FLASH                 00000000   00020000  000012c0  0001ed40  R  X
  SRAM                  20200000   00008000  0000244c  00005bb4  RW X
  BCR_CONFIG            41c00000   00000080  00000000  00000080  R   
  BSL_CONFIG            41c00100   00000080  00000000  00000080  R   


SEGMENT ALLOCATION MAP

run origin  load origin   length   init length attrs members
----------  ----------- ---------- ----------- ----- -------
00000000    00000000    000012c0   000012c0    r-x
  00000000    00000000    000000c0   000000c0    r-- .intvecs
  000000c0    000000c0    00001108   00001108    r-x .text
  000011c8    000011c8    000000c0   000000c0    r-- .rodata
  00001288    00001288    00000038   00000038    r-- .cinit
20200000    20200000    0000224c   00000000    rw-
  20200000    20200000    00002210   00000000    rw- .bss
  20202210    20202210    0000003c   00000000    rw- .data
20207e00    20207e00    00000200   00000000    rw-
  20207e00    20207e00    00000200   00000000    rw- .stack


SECTION ALLOCATION MAP

 output                                  attributes/
section   page    origin      length       input sections
--------  ----  ----------  ----------   ----------------
.intvecs   0    00000000    000000c0     
                  00000000    000000c0     startup_mspm0g350x_ticlang.o (.intvecs)

.text      0    000000c0    00001108     
                  000000c0    000001e4     gpio_toggle_output.o (.text.GROUP1_IRQHandler)
                  000002a4    00000104     driverlib.a : dl_timer.o (.text.DL_Timer_initFourCCPWMMode)
                  000003a8    000000e8                 : dl_timer.o (.text.DL_Timer_initTimerMode)
                  00000490    000000dc                 : dl_sysctl_mspm0g1x0x_g3x0x.o (.text.DL_SYSCTL_configSYSPLL)
                  0000056c    000000c0     gpio_toggle_output.o (.text.SysTick_Handler)
                  0000062c    000000b8     ti_msp_dl_config.o (.text.SYSCFG_DL_initPower)
                  000006e4    000000b0     ti_msp_dl_config.o (.text.SYSCFG_DL_ADC12_0_init)
                  00000794    0000009a     libc.a : memcpy16.S.obj (.text:memcpy)
                  0000082e    00000002     startup_mspm0g350x_ticlang.o (.text.Default_Handler)
                  00000830    00000090     ti_msp_dl_config.o (.text.SYSCFG_DL_PWM_1_init)
                  000008c0    00000090     ti_msp_dl_config.o (.text.SYSCFG_DL_PWM_2_init)
                  00000950    00000088     gpio_toggle_output.o (.text.main)
                  000009d8    0000007c     libc.a : copy_decompress_lzss.c.obj (.text:decompress:lzss)
                  00000a54    00000074     ti_msp_dl_config.o (.text.SYSCFG_DL_SYSCTL_init)
                  00000ac8    00000070     ti_msp_dl_config.o (.text.SYSCFG_DL_init)
                  00000b38    0000006c     ti_msp_dl_config.o (.text.SYSCFG_DL_PWM_0_init)
                  00000ba4    00000064     driverlib.a : dl_sysctl_mspm0g1x0x_g3x0x.o (.text.DL_SYSCTL_setHFCLKSourceHFXTParams)
                  00000c08    00000064     ti_msp_dl_config.o (.text.SYSCFG_DL_GPIO_init)
                  00000c6c    00000062     libc.a : memset16.S.obj (.text:memset)
                  00000cce    00000002     --HOLE-- [fill = 0]
                  00000cd0    00000060     gpio_toggle_output.o (.text.ADC0_IRQHandler)
                  00000d30    0000005c     ti_msp_dl_config.o (.text.SYSCFG_DL_COMP_0_init)
                  00000d8c    0000005c     ti_msp_dl_config.o (.text.SYSCFG_DL_COMP_1_init)
                  00000de8    00000050     ti_msp_dl_config.o (.text.SYSCFG_DL_TIMER_1_init)
                  00000e38    0000004c     driverlib.a : dl_dma.o (.text.DL_DMA_initChannel)
                  00000e84    00000044                 : dl_sysctl_mspm0g1x0x_g3x0x.o (.text.DL_SYSCTL_switchMCLKfromSYSOSCtoHSCLK)
                  00000ec8    00000040                 : dl_adc12.o (.text.DL_ADC12_setClockConfig)
                  00000f08    00000040     ti_msp_dl_config.o (.text.SYSCFG_DL_TIMER_0_init)
                  00000f48    0000003c     libc.a : autoinit.c.obj (.text:__TI_auto_init_nobinit_nopinit)
                  00000f84    00000038     ti_msp_dl_config.o (.text.SYSCFG_DL_TIMER_2_init)
                  00000fbc    00000034     ti_msp_dl_config.o (.text.SYSCFG_DL_OPA_1_init)
                  00000ff0    00000030     ti_msp_dl_config.o (.text.SYSCFG_DL_SYSTICK_init)
                  00001020    0000002c     ti_msp_dl_config.o (.text.SYSCFG_DL_OPA_0_init)
                  0000104c    00000028     libc.a : boot_cortex_m.c.obj (.text:_c_int00_noargs)
                  00001074    00000024     ti_msp_dl_config.o (.text.SYSCFG_DL_DMA_CH0_init)
                  00001098    00000024     gpio_toggle_output.o (.text.TIMG8_IRQHandler)
                  000010bc    00000022     driverlib.a : dl_vref.o (.text.DL_VREF_configReference)
                  000010de    00000002     --HOLE-- [fill = 0]
                  000010e0    0000001c                 : dl_timer.o (.text.DL_Timer_setCaptCompUpdateMethod)
                  000010fc    0000001c                 : dl_timer.o (.text.DL_Timer_setClockConfig)
                  00001118    0000001c     gpio_toggle_output.o (.text.TIMA1_IRQHandler)
                  00001134    00000018     driverlib.a : dl_timer.o (.text.DL_Timer_setCaptureCompareOutCtl)
                  0000114c    00000014     ti_msp_dl_config.o (.text.SYSCFG_DL_VREF_init)
                  00001160    00000012     libc.a : copy_decompress_none.c.obj (.text:decompress:none)
                  00001172    00000002     --HOLE-- [fill = 0]
                  00001174    00000010     driverlib.a : dl_timer.o (.text.DL_Timer_setCaptureCompareValue)
                  00001184    00000010     libc.a : copy_zero_init.c.obj (.text:decompress:ZI)
                  00001194    0000000c     libclang_rt.builtins.a : aeabi_memset.S.obj (.text.__aeabi_memclr)
                  000011a0    0000000a     driverlib.a : dl_common.o (.text.DL_Common_delayCycles)
                  000011aa    00000008     ti_msp_dl_config.o (.text.SYSCFG_DL_DMA_init)
                  000011b2    00000002     --HOLE-- [fill = 0]
                  000011b4    00000008     libclang_rt.builtins.a : aeabi_memcpy.S.obj (.text.__aeabi_memcpy)
                  000011bc    00000004     startup_mspm0g350x_ticlang.o (.text.Reset_Handler)
                  000011c0    00000004     libc.a : pre_init.c.obj (.text._system_pre_init)
                  000011c4    00000004            : exit.c.obj (.text:abort)

.cinit     0    00001288    00000038     
                  00001288    00000010     (.cinit..data.load) [load image, compression = lzss]
                  00001298    0000000c     (__TI_handler_table)
                  000012a4    00000008     (.cinit..bss.load) [load image, compression = zero_init]
                  000012ac    00000010     (__TI_cinit_table)
                  000012bc    00000004     --HOLE-- [fill = 0]

.rodata    0    000011c8    000000c0     
                  000011c8    00000028     ti_msp_dl_config.o (.rodata.gSYSPLLConfig)
                  000011f0    00000018     ti_msp_dl_config.o (.rodata.gDMA_CH0Config)
                  00001208    00000014     ti_msp_dl_config.o (.rodata.gTIMER_0TimerConfig)
                  0000121c    00000014     ti_msp_dl_config.o (.rodata.gTIMER_1TimerConfig)
                  00001230    00000014     ti_msp_dl_config.o (.rodata.gTIMER_2TimerConfig)
                  00001244    0000000c     ti_msp_dl_config.o (.rodata.gVREFConfig)
                  00001250    00000008     ti_msp_dl_config.o (.rodata.gADC12_0ClockConfig)
                  00001258    00000008     ti_msp_dl_config.o (.rodata.gPWM_0Config)
                  00001260    00000008     ti_msp_dl_config.o (.rodata.gPWM_1Config)
                  00001268    00000008     ti_msp_dl_config.o (.rodata.gPWM_2Config)
                  00001270    00000003     ti_msp_dl_config.o (.rodata.gPWM_0ClockConfig)
                  00001273    00000003     ti_msp_dl_config.o (.rodata.gPWM_1ClockConfig)
                  00001276    00000003     ti_msp_dl_config.o (.rodata.gPWM_2ClockConfig)
                  00001279    00000003     ti_msp_dl_config.o (.rodata.gTIMER_0ClockConfig)
                  0000127c    00000003     ti_msp_dl_config.o (.rodata.gTIMER_1ClockConfig)
                  0000127f    00000003     ti_msp_dl_config.o (.rodata.gTIMER_2ClockConfig)
                  00001282    00000006     --HOLE-- [fill = 0]

.init_array 
*          0    00000000    00000000     UNINITIALIZED

.binit     0    00000000    00000000     

.bss       0    20200000    00002210     UNINITIALIZED
                  20200000    00001f40     (.common:adc_data)
                  20201f40    000000bc     (.common:gTIMER_0Backup)
                  20201ffc    000000bc     (.common:gTIMER_1Backup)
                  202020b8    000000a0     (.common:gPWM_1Backup)
                  20202158    000000a0     (.common:gPWM_2Backup)
                  202021f8    00000014     (.common:data)
                  2020220c    00000004     (.common:pulse_width)

.data      0    20202210    0000003c     UNINITIALIZED
                  20202210    00000004     gpio_toggle_output.o (.data.adc_channel)
                  20202214    00000004     gpio_toggle_output.o (.data.comp_t0)
                  20202218    00000004     gpio_toggle_output.o (.data.comp_t1)
                  2020221c    00000004     gpio_toggle_output.o (.data.dac0)
                  20202220    00000004     gpio_toggle_output.o (.data.dac_th)
                  20202224    00000004     gpio_toggle_output.o (.data.data_i)
                  20202228    00000004     gpio_toggle_output.o (.data.detect_t)
                  2020222c    00000004     gpio_toggle_output.o (.data.detected)
                  20202230    00000004     gpio_toggle_output.o (.data.phase_comp1)
                  20202234    00000004     gpio_toggle_output.o (.data.phase_diff)
                  20202238    00000004     gpio_toggle_output.o (.data.recv0)
                  2020223c    00000004     gpio_toggle_output.o (.data.recv1)
                  20202240    00000004     gpio_toggle_output.o (.data.remote_state)
                  20202244    00000004     gpio_toggle_output.o (.data.utick)
                  20202248    00000002     gpio_toggle_output.o (.data.adc0_peak)
                  2020224a    00000002     gpio_toggle_output.o (.data.adc1_peak)

.stack     0    20207e00    00000200     UNINITIALIZED
                  20207e00    00000004     libc.a : boot_cortex_m.c.obj (.stack)
                  20207e04    000001fc     --HOLE--

__llvm_prf_cnts 
*          0    20200000    00000000     UNINITIALIZED

__llvm_prf_bits 
*          0    20200000    00000000     UNINITIALIZED

MODULE SUMMARY

       Module                         code   ro data   rw data
       ------                         ----   -------   -------
    .\
       gpio_toggle_output.o           972    0         8084   
       ti_msp_dl_config.o             1676   186       696    
       startup_mspm0g350x_ticlang.o   6      192       0      
    +--+------------------------------+------+---------+---------+
       Total:                         2654   378       8780   
                                                              
    C:/ti/mspm0_sdk_2_03_00_07/source/ti/driverlib/lib/ticlang/m0p/mspm0g1x0x_g3x0x/driverlib.a
       dl_timer.o                     588    0         0      
       dl_sysctl_mspm0g1x0x_g3x0x.o   388    0         0      
       dl_dma.o                       76     0         0      
       dl_adc12.o                     64     0         0      
       dl_vref.o                      34     0         0      
       dl_common.o                    10     0         0      
    +--+------------------------------+------+---------+---------+
       Total:                         1160   0         0      
                                                              
    C:\ti\ccs2002\ccs\tools\compiler\ti-cgt-armllvm_4.0.1.LTS\lib\armv6m-ti-none-eabi/c/libc.a
       memcpy16.S.obj                 154    0         0      
       copy_decompress_lzss.c.obj     124    0         0      
       memset16.S.obj                 98     0         0      
       autoinit.c.obj                 60     0         0      
       boot_cortex_m.c.obj            40     0         0      
       copy_decompress_none.c.obj     18     0         0      
       copy_zero_init.c.obj           16     0         0      
       exit.c.obj                     4      0         0      
       pre_init.c.obj                 4      0         0      
    +--+------------------------------+------+---------+---------+
       Total:                         518    0         0      
                                                              
    C:\ti\ccs2002\ccs\tools\compiler\ti-cgt-armllvm_4.0.1.LTS\lib\armv6m-ti-none-eabi/libclang_rt.builtins.a
       aeabi_memset.S.obj             12     0         0      
       aeabi_memcpy.S.obj             8      0         0      
    +--+------------------------------+------+---------+---------+
       Total:                         20     0         0      
                                                              
       Stack:                         0      0         512    
       Linker Generated:              0      52        0      
    +--+------------------------------+------+---------+---------+
       Grand Total:                   4352   430       9292   


LINKER GENERATED COPY TABLES

__TI_cinit_table @ 000012ac records: 2, size/record: 8, table size: 16
	.data: load addr=00001288, load size=00000010 bytes, run addr=20202210, run size=0000003c bytes, compression=lzss
	.bss: load addr=000012a4, load size=00000008 bytes, run addr=20200000, run size=00002210 bytes, compression=zero_init


LINKER GENERATED HANDLER TABLE

__TI_handler_table @ 00001298 records: 3, size/record: 4, table size: 12
	index: 0, handler: __TI_decompress_lzss
	index: 1, handler: __TI_decompress_none
	index: 2, handler: __TI_zero_init


GLOBAL SYMBOLS: SORTED ALPHABETICALLY BY Name 

address   name                                 
-------   ----                                 
00000cd1  ADC0_IRQHandler                      
0000082f  ADC1_IRQHandler                      
0000082f  AES_IRQHandler                       
000011c4  C$$EXIT                              
0000082f  CANFD0_IRQHandler                    
0000082f  DAC0_IRQHandler                      
00000ec9  DL_ADC12_setClockConfig              
000011a1  DL_Common_delayCycles                
00000e39  DL_DMA_initChannel                   
00000491  DL_SYSCTL_configSYSPLL               
00000ba5  DL_SYSCTL_setHFCLKSourceHFXTParams   
00000e85  DL_SYSCTL_switchMCLKfromSYSOSCtoHSCLK
000002a5  DL_Timer_initFourCCPWMMode           
000003a9  DL_Timer_initTimerMode               
000010e1  DL_Timer_setCaptCompUpdateMethod     
00001135  DL_Timer_setCaptureCompareOutCtl     
00001175  DL_Timer_setCaptureCompareValue      
000010fd  DL_Timer_setClockConfig              
000010bd  DL_VREF_configReference              
0000082f  DMA_IRQHandler                       
0000082f  Default_Handler                      
0000082f  GROUP0_IRQHandler                    
000000c1  GROUP1_IRQHandler                    
0000082f  HardFault_Handler                    
0000082f  I2C0_IRQHandler                      
0000082f  I2C1_IRQHandler                      
0000082f  NMI_Handler                          
0000082f  PendSV_Handler                       
0000082f  RTC_IRQHandler                       
000011bd  Reset_Handler                        
0000082f  SPI0_IRQHandler                      
0000082f  SPI1_IRQHandler                      
0000082f  SVC_Handler                          
000006e5  SYSCFG_DL_ADC12_0_init               
00000d31  SYSCFG_DL_COMP_0_init                
00000d8d  SYSCFG_DL_COMP_1_init                
00001075  SYSCFG_DL_DMA_CH0_init               
000011ab  SYSCFG_DL_DMA_init                   
00000c09  SYSCFG_DL_GPIO_init                  
00001021  SYSCFG_DL_OPA_0_init                 
00000fbd  SYSCFG_DL_OPA_1_init                 
00000b39  SYSCFG_DL_PWM_0_init                 
00000831  SYSCFG_DL_PWM_1_init                 
000008c1  SYSCFG_DL_PWM_2_init                 
00000a55  SYSCFG_DL_SYSCTL_init                
00000ff1  SYSCFG_DL_SYSTICK_init               
00000f09  SYSCFG_DL_TIMER_0_init               
00000de9  SYSCFG_DL_TIMER_1_init               
00000f85  SYSCFG_DL_TIMER_2_init               
0000114d  SYSCFG_DL_VREF_init                  
00000ac9  SYSCFG_DL_init                       
0000062d  SYSCFG_DL_initPower                  
0000056d  SysTick_Handler                      
0000082f  TIMA0_IRQHandler                     
00001119  TIMA1_IRQHandler                     
0000082f  TIMG0_IRQHandler                     
0000082f  TIMG12_IRQHandler                    
0000082f  TIMG6_IRQHandler                     
0000082f  TIMG7_IRQHandler                     
00001099  TIMG8_IRQHandler                     
0000082f  UART0_IRQHandler                     
0000082f  UART1_IRQHandler                     
0000082f  UART2_IRQHandler                     
0000082f  UART3_IRQHandler                     
20208000  __STACK_END                          
00000200  __STACK_SIZE                         
00000000  __TI_ATRegion0_region_sz             
00000000  __TI_ATRegion0_src_addr              
00000000  __TI_ATRegion0_trg_addr              
00000000  __TI_ATRegion1_region_sz             
00000000  __TI_ATRegion1_src_addr              
00000000  __TI_ATRegion1_trg_addr              
00000000  __TI_ATRegion2_region_sz             
00000000  __TI_ATRegion2_src_addr              
00000000  __TI_ATRegion2_trg_addr              
000012ac  __TI_CINIT_Base                      
000012bc  __TI_CINIT_Limit                     
000012bc  __TI_CINIT_Warm                      
00001298  __TI_Handler_Table_Base              
000012a4  __TI_Handler_Table_Limit             
00000f49  __TI_auto_init_nobinit_nopinit       
000009d9  __TI_decompress_lzss                 
00001161  __TI_decompress_none                 
ffffffff  __TI_pprof_out_hndl                  
ffffffff  __TI_prof_data_size                  
ffffffff  __TI_prof_data_start                 
00000000  __TI_static_base__                   
00001185  __TI_zero_init                       
00001195  __aeabi_memclr                       
00001195  __aeabi_memclr4                      
00001195  __aeabi_memclr8                      
000011b5  __aeabi_memcpy                       
000011b5  __aeabi_memcpy4                      
000011b5  __aeabi_memcpy8                      
ffffffff  __binit__                            
UNDEFED   __mpu_init                           
20207e00  __stack                              
20200000  __start___llvm_prf_bits              
20200000  __start___llvm_prf_cnts              
20200000  __stop___llvm_prf_bits               
20200000  __stop___llvm_prf_cnts               
0000104d  _c_int00_noargs                      
UNDEFED   _system_post_cinit                   
000011c1  _system_pre_init                     
000011c5  abort                                
20202248  adc0_peak                            
2020224a  adc1_peak                            
20202210  adc_channel                          
20200000  adc_data                             
ffffffff  binit                                
20202214  comp_t0                              
20202218  comp_t1                              
2020221c  dac0                                 
20202220  dac_th                               
202021f8  data                                 
20202224  data_i                               
20202228  detect_t                             
2020222c  detected                             
202020b8  gPWM_1Backup                         
20202158  gPWM_2Backup                         
20201f40  gTIMER_0Backup                       
20201ffc  gTIMER_1Backup                       
00000000  interruptVectors                     
00000951  main                                 
00000795  memcpy                               
00000c6d  memset                               
20202230  phase_comp1                          
20202234  phase_diff                           
2020220c  pulse_width                          
20202238  recv0                                
2020223c  recv1                                
20202240  remote_state                         
20202244  utick                                


GLOBAL SYMBOLS: SORTED BY Symbol Address 

address   name                                 
-------   ----                                 
00000000  __TI_ATRegion0_region_sz             
00000000  __TI_ATRegion0_src_addr              
00000000  __TI_ATRegion0_trg_addr              
00000000  __TI_ATRegion1_region_sz             
00000000  __TI_ATRegion1_src_addr              
00000000  __TI_ATRegion1_trg_addr              
00000000  __TI_ATRegion2_region_sz             
00000000  __TI_ATRegion2_src_addr              
00000000  __TI_ATRegion2_trg_addr              
00000000  __TI_static_base__                   
00000000  interruptVectors                     
000000c1  GROUP1_IRQHandler                    
00000200  __STACK_SIZE                         
000002a5  DL_Timer_initFourCCPWMMode           
000003a9  DL_Timer_initTimerMode               
00000491  DL_SYSCTL_configSYSPLL               
0000056d  SysTick_Handler                      
0000062d  SYSCFG_DL_initPower                  
000006e5  SYSCFG_DL_ADC12_0_init               
00000795  memcpy                               
0000082f  ADC1_IRQHandler                      
0000082f  AES_IRQHandler                       
0000082f  CANFD0_IRQHandler                    
0000082f  DAC0_IRQHandler                      
0000082f  DMA_IRQHandler                       
0000082f  Default_Handler                      
0000082f  GROUP0_IRQHandler                    
0000082f  HardFault_Handler                    
0000082f  I2C0_IRQHandler                      
0000082f  I2C1_IRQHandler                      
0000082f  NMI_Handler                          
0000082f  PendSV_Handler                       
0000082f  RTC_IRQHandler                       
0000082f  SPI0_IRQHandler                      
0000082f  SPI1_IRQHandler                      
0000082f  SVC_Handler                          
0000082f  TIMA0_IRQHandler                     
0000082f  TIMG0_IRQHandler                     
0000082f  TIMG12_IRQHandler                    
0000082f  TIMG6_IRQHandler                     
0000082f  TIMG7_IRQHandler                     
0000082f  UART0_IRQHandler                     
0000082f  UART1_IRQHandler                     
0000082f  UART2_IRQHandler                     
0000082f  UART3_IRQHandler                     
00000831  SYSCFG_DL_PWM_1_init                 
000008c1  SYSCFG_DL_PWM_2_init                 
00000951  main                                 
000009d9  __TI_decompress_lzss                 
00000a55  SYSCFG_DL_SYSCTL_init                
00000ac9  SYSCFG_DL_init                       
00000b39  SYSCFG_DL_PWM_0_init                 
00000ba5  DL_SYSCTL_setHFCLKSourceHFXTParams   
00000c09  SYSCFG_DL_GPIO_init                  
00000c6d  memset                               
00000cd1  ADC0_IRQHandler                      
00000d31  SYSCFG_DL_COMP_0_init                
00000d8d  SYSCFG_DL_COMP_1_init                
00000de9  SYSCFG_DL_TIMER_1_init               
00000e39  DL_DMA_initChannel                   
00000e85  DL_SYSCTL_switchMCLKfromSYSOSCtoHSCLK
00000ec9  DL_ADC12_setClockConfig              
00000f09  SYSCFG_DL_TIMER_0_init               
00000f49  __TI_auto_init_nobinit_nopinit       
00000f85  SYSCFG_DL_TIMER_2_init               
00000fbd  SYSCFG_DL_OPA_1_init                 
00000ff1  SYSCFG_DL_SYSTICK_init               
00001021  SYSCFG_DL_OPA_0_init                 
0000104d  _c_int00_noargs                      
00001075  SYSCFG_DL_DMA_CH0_init               
00001099  TIMG8_IRQHandler                     
000010bd  DL_VREF_configReference              
000010e1  DL_Timer_setCaptCompUpdateMethod     
000010fd  DL_Timer_setClockConfig              
00001119  TIMA1_IRQHandler                     
00001135  DL_Timer_setCaptureCompareOutCtl     
0000114d  SYSCFG_DL_VREF_init                  
00001161  __TI_decompress_none                 
00001175  DL_Timer_setCaptureCompareValue      
00001185  __TI_zero_init                       
00001195  __aeabi_memclr                       
00001195  __aeabi_memclr4                      
00001195  __aeabi_memclr8                      
000011a1  DL_Common_delayCycles                
000011ab  SYSCFG_DL_DMA_init                   
000011b5  __aeabi_memcpy                       
000011b5  __aeabi_memcpy4                      
000011b5  __aeabi_memcpy8                      
000011bd  Reset_Handler                        
000011c1  _system_pre_init                     
000011c4  C$$EXIT                              
000011c5  abort                                
00001298  __TI_Handler_Table_Base              
000012a4  __TI_Handler_Table_Limit             
000012ac  __TI_CINIT_Base                      
000012bc  __TI_CINIT_Limit                     
000012bc  __TI_CINIT_Warm                      
20200000  __start___llvm_prf_bits              
20200000  __start___llvm_prf_cnts              
20200000  __stop___llvm_prf_bits               
20200000  __stop___llvm_prf_cnts               
20200000  adc_data                             
20201f40  gTIMER_0Backup                       
20201ffc  gTIMER_1Backup                       
202020b8  gPWM_1Backup                         
20202158  gPWM_2Backup                         
202021f8  data                                 
2020220c  pulse_width                          
20202210  adc_channel                          
20202214  comp_t0                              
20202218  comp_t1                              
2020221c  dac0                                 
20202220  dac_th                               
20202224  data_i                               
20202228  detect_t                             
2020222c  detected                             
20202230  phase_comp1                          
20202234  phase_diff                           
20202238  recv0                                
2020223c  recv1                                
20202240  remote_state                         
20202244  utick                                
20202248  adc0_peak                            
2020224a  adc1_peak                            
20207e00  __stack                              
20208000  __STACK_END                          
ffffffff  __TI_pprof_out_hndl                  
ffffffff  __TI_prof_data_size                  
ffffffff  __TI_prof_data_start                 
ffffffff  __binit__                            
ffffffff  binit                                
UNDEFED   __mpu_init                           
UNDEFED   _system_post_cinit                   

[133 symbols]
