******************************************************************************
            TI ARM Clang Linker PC v4.0.1                      
******************************************************************************
>> Linked Fri Feb 28 22:17:17 2025

OUTPUT FILE NAME:   <gpio_toggle_output_LP_MSPM0G3507_nortos_ticlang.out>
ENTRY POINT SYMBOL: "_c_int00_noargs"  address: 000011ed


MEMORY CONFIGURATION

         name            origin    length      used     unused   attr    fill
----------------------  --------  ---------  --------  --------  ----  --------
  FLASH                 00000000   00020000  00001460  0001eba0  R  X
  SRAM                  20200000   00008000  00002498  00005b68  RW X
  BCR_CONFIG            41c00000   00000080  00000000  00000080  R   
  BSL_CONFIG            41c00100   00000080  00000000  00000080  R   


SEGMENT ALLOCATION MAP

run origin  load origin   length   init length attrs members
----------  ----------- ---------- ----------- ----- -------
00000000    00000000    00001460   00001460    r-x
  00000000    00000000    000000c0   000000c0    r-- .intvecs
  000000c0    000000c0    000012a8   000012a8    r-x .text
  00001368    00001368    000000c0   000000c0    r-- .rodata
  00001428    00001428    00000038   00000038    r-- .cinit
20200000    20200000    00002298   00000000    rw-
  20200000    20200000    00002254   00000000    rw- .bss
  20202254    20202254    00000044   00000000    rw- .data
20207e00    20207e00    00000200   00000000    rw-
  20207e00    20207e00    00000200   00000000    rw- .stack


SECTION ALLOCATION MAP

 output                                  attributes/
section   page    origin      length       input sections
--------  ----  ----------  ----------   ----------------
.intvecs   0    00000000    000000c0     
                  00000000    000000c0     startup_mspm0g350x_ticlang.o (.intvecs)

.text      0    000000c0    000012a8     
                  000000c0    00000244     remote.o (.text.GROUP1_IRQHandler)
                  00000304    0000019c     remote.o (.text.Remote_Handler)
                  000004a0    00000104     driverlib.a : dl_timer.o (.text.DL_Timer_initFourCCPWMMode)
                  000005a4    000000e8                 : dl_timer.o (.text.DL_Timer_initTimerMode)
                  0000068c    000000dc                 : dl_sysctl_mspm0g1x0x_g3x0x.o (.text.DL_SYSCTL_configSYSPLL)
                  00000768    000000b8     ti_msp_dl_config.o (.text.SYSCFG_DL_initPower)
                  00000820    000000b0     ti_msp_dl_config.o (.text.SYSCFG_DL_ADC12_0_init)
                  000008d0    0000009a     libc.a : memcpy16.S.obj (.text:memcpy)
                  0000096a    00000002     startup_mspm0g350x_ticlang.o (.text.Default_Handler)
                  0000096c    00000090     ti_msp_dl_config.o (.text.SYSCFG_DL_PWM_1_init)
                  000009fc    00000090     ti_msp_dl_config.o (.text.SYSCFG_DL_PWM_2_init)
                  00000a8c    0000007c     libc.a : copy_decompress_lzss.c.obj (.text:decompress:lzss)
                  00000b08    00000074     ti_msp_dl_config.o (.text.SYSCFG_DL_SYSCTL_init)
                  00000b7c    00000070     ti_msp_dl_config.o (.text.SYSCFG_DL_init)
                  00000bec    0000006c     ti_msp_dl_config.o (.text.SYSCFG_DL_GPIO_init)
                  00000c58    0000006c     ti_msp_dl_config.o (.text.SYSCFG_DL_PWM_0_init)
                  00000cc4    00000064     driverlib.a : dl_sysctl_mspm0g1x0x_g3x0x.o (.text.DL_SYSCTL_setHFCLKSourceHFXTParams)
                  00000d28    00000062     libc.a : memset16.S.obj (.text:memset)
                  00000d8a    00000002     --HOLE-- [fill = 0]
                  00000d8c    00000060     remote.o (.text.ADC0_IRQHandler)
                  00000dec    0000005c     ti_msp_dl_config.o (.text.SYSCFG_DL_COMP_0_init)
                  00000e48    0000005c     ti_msp_dl_config.o (.text.SYSCFG_DL_COMP_1_init)
                  00000ea4    00000058     gpio_toggle_output.o (.text.main)
                  00000efc    00000050     ti_msp_dl_config.o (.text.SYSCFG_DL_TIMER_1_init)
                  00000f4c    0000004c     driverlib.a : dl_dma.o (.text.DL_DMA_initChannel)
                  00000f98    0000004c     gpio_toggle_output.o (.text.SysTick_Handler)
                  00000fe4    00000044     driverlib.a : dl_sysctl_mspm0g1x0x_g3x0x.o (.text.DL_SYSCTL_switchMCLKfromSYSOSCtoHSCLK)
                  00001028    00000040                 : dl_adc12.o (.text.DL_ADC12_setClockConfig)
                  00001068    00000040     remote.o (.text.Remote_init)
                  000010a8    00000040     ti_msp_dl_config.o (.text.SYSCFG_DL_TIMER_0_init)
                  000010e8    0000003c     libc.a : autoinit.c.obj (.text:__TI_auto_init_nobinit_nopinit)
                  00001124    00000038     ti_msp_dl_config.o (.text.SYSCFG_DL_TIMER_2_init)
                  0000115c    00000034     ti_msp_dl_config.o (.text.SYSCFG_DL_OPA_1_init)
                  00001190    00000030     ti_msp_dl_config.o (.text.SYSCFG_DL_SYSTICK_init)
                  000011c0    0000002c     ti_msp_dl_config.o (.text.SYSCFG_DL_OPA_0_init)
                  000011ec    00000028     libc.a : boot_cortex_m.c.obj (.text:_c_int00_noargs)
                  00001214    00000024     ti_msp_dl_config.o (.text.SYSCFG_DL_DMA_CH0_init)
                  00001238    00000024     remote.o (.text.TIMG8_IRQHandler)
                  0000125c    00000022     driverlib.a : dl_vref.o (.text.DL_VREF_configReference)
                  0000127e    00000002     --HOLE-- [fill = 0]
                  00001280    0000001c                 : dl_timer.o (.text.DL_Timer_setCaptCompUpdateMethod)
                  0000129c    0000001c                 : dl_timer.o (.text.DL_Timer_setClockConfig)
                  000012b8    0000001c     remote.o (.text.TIMA1_IRQHandler)
                  000012d4    00000018     driverlib.a : dl_timer.o (.text.DL_Timer_setCaptureCompareOutCtl)
                  000012ec    00000014     ti_msp_dl_config.o (.text.SYSCFG_DL_VREF_init)
                  00001300    00000012     libc.a : copy_decompress_none.c.obj (.text:decompress:none)
                  00001312    00000002     --HOLE-- [fill = 0]
                  00001314    00000010     driverlib.a : dl_timer.o (.text.DL_Timer_setCaptureCompareValue)
                  00001324    00000010     libc.a : copy_zero_init.c.obj (.text:decompress:ZI)
                  00001334    0000000c     libclang_rt.builtins.a : aeabi_memset.S.obj (.text.__aeabi_memclr)
                  00001340    0000000a     driverlib.a : dl_common.o (.text.DL_Common_delayCycles)
                  0000134a    00000008     ti_msp_dl_config.o (.text.SYSCFG_DL_DMA_init)
                  00001352    00000002     --HOLE-- [fill = 0]
                  00001354    00000008     libclang_rt.builtins.a : aeabi_memcpy.S.obj (.text.__aeabi_memcpy)
                  0000135c    00000004     startup_mspm0g350x_ticlang.o (.text.Reset_Handler)
                  00001360    00000004     libc.a : pre_init.c.obj (.text._system_pre_init)
                  00001364    00000004            : exit.c.obj (.text:abort)

.cinit     0    00001428    00000038     
                  00001428    00000010     (.cinit..data.load) [load image, compression = lzss]
                  00001438    0000000c     (__TI_handler_table)
                  00001444    00000008     (.cinit..bss.load) [load image, compression = zero_init]
                  0000144c    00000010     (__TI_cinit_table)
                  0000145c    00000004     --HOLE-- [fill = 0]

.rodata    0    00001368    000000c0     
                  00001368    00000028     ti_msp_dl_config.o (.rodata.gSYSPLLConfig)
                  00001390    00000018     ti_msp_dl_config.o (.rodata.gDMA_CH0Config)
                  000013a8    00000014     ti_msp_dl_config.o (.rodata.gTIMER_0TimerConfig)
                  000013bc    00000014     ti_msp_dl_config.o (.rodata.gTIMER_1TimerConfig)
                  000013d0    00000014     ti_msp_dl_config.o (.rodata.gTIMER_2TimerConfig)
                  000013e4    0000000c     ti_msp_dl_config.o (.rodata.gVREFConfig)
                  000013f0    00000008     ti_msp_dl_config.o (.rodata.gADC12_0ClockConfig)
                  000013f8    00000008     ti_msp_dl_config.o (.rodata.gPWM_0Config)
                  00001400    00000008     ti_msp_dl_config.o (.rodata.gPWM_1Config)
                  00001408    00000008     ti_msp_dl_config.o (.rodata.gPWM_2Config)
                  00001410    00000003     ti_msp_dl_config.o (.rodata.gPWM_0ClockConfig)
                  00001413    00000003     ti_msp_dl_config.o (.rodata.gPWM_1ClockConfig)
                  00001416    00000003     ti_msp_dl_config.o (.rodata.gPWM_2ClockConfig)
                  00001419    00000003     ti_msp_dl_config.o (.rodata.gTIMER_0ClockConfig)
                  0000141c    00000003     ti_msp_dl_config.o (.rodata.gTIMER_1ClockConfig)
                  0000141f    00000003     ti_msp_dl_config.o (.rodata.gTIMER_2ClockConfig)
                  00001422    00000006     --HOLE-- [fill = 0]

.init_array 
*          0    00000000    00000000     UNINITIALIZED

.binit     0    00000000    00000000     

.bss       0    20200000    00002254     UNINITIALIZED
                  20200000    00001f40     (.common:adc_data)
                  20201f40    000000bc     (.common:gTIMER_0Backup)
                  20201ffc    000000bc     (.common:gTIMER_1Backup)
                  202020b8    000000a0     (.common:gPWM_1Backup)
                  20202158    000000a0     (.common:gPWM_2Backup)
                  202021f8    00000044     (.common:remote)
                  2020223c    00000014     (.common:data)
                  20202250    00000004     (.common:pulse_width)

.data      0    20202254    00000044     UNINITIALIZED
                  20202254    00000004     remote.o (.data.adc_channel)
                  20202258    00000004     remote.o (.data.comp_t0)
                  2020225c    00000004     remote.o (.data.comp_t1)
                  20202260    00000004     remote.o (.data.dac0)
                  20202264    00000004     remote.o (.data.dac_th)
                  20202268    00000004     remote.o (.data.data_i)
                  2020226c    00000004     remote.o (.data.detect_t1)
                  20202270    00000004     remote.o (.data.detect_t)
                  20202274    00000004     remote.o (.data.detected1)
                  20202278    00000004     remote.o (.data.detected)
                  2020227c    00000004     remote.o (.data.phase_comp1)
                  20202280    00000004     remote.o (.data.phase_diff)
                  20202284    00000004     remote.o (.data.recv0)
                  20202288    00000004     remote.o (.data.recv1)
                  2020228c    00000004     remote.o (.data.remote_state)
                  20202290    00000004     gpio_toggle_output.o (.data.utick)
                  20202294    00000002     remote.o (.data.adc0_peak)
                  20202296    00000002     remote.o (.data.adc1_peak)

.stack     0    20207e00    00000200     UNINITIALIZED
                  20207e00    00000004     libc.a : boot_cortex_m.c.obj (.stack)
                  20207e04    000001fc     --HOLE--

__llvm_prf_cnts 
*          0    20200000    00000000     UNINITIALIZED

__llvm_prf_bits 
*          0    20200000    00000000     UNINITIALIZED

MODULE SUMMARY

       Module                         code   ro data   rw data
       ------                         ----   -------   -------
    .\
       remote.o                       1216   0         8156   
       ti_msp_dl_config.o             1684   186       696    
       startup_mspm0g350x_ticlang.o   6      192       0      
       gpio_toggle_output.o           164    0         4      
    +--+------------------------------+------+---------+---------+
       Total:                         3070   378       8856   
                                                              
    C:/ti/mspm0_sdk_2_03_00_07/source/ti/driverlib/lib/ticlang/m0p/mspm0g1x0x_g3x0x/driverlib.a
       dl_timer.o                     588    0         0      
       dl_sysctl_mspm0g1x0x_g3x0x.o   388    0         0      
       dl_dma.o                       76     0         0      
       dl_adc12.o                     64     0         0      
       dl_vref.o                      34     0         0      
       dl_common.o                    10     0         0      
    +--+------------------------------+------+---------+---------+
       Total:                         1160   0         0      
                                                              
    C:\ti\ccs2002\ccs\tools\compiler\ti-cgt-armllvm_4.0.1.LTS\lib\armv6m-ti-none-eabi/c/libc.a
       memcpy16.S.obj                 154    0         0      
       copy_decompress_lzss.c.obj     124    0         0      
       memset16.S.obj                 98     0         0      
       autoinit.c.obj                 60     0         0      
       boot_cortex_m.c.obj            40     0         0      
       copy_decompress_none.c.obj     18     0         0      
       copy_zero_init.c.obj           16     0         0      
       exit.c.obj                     4      0         0      
       pre_init.c.obj                 4      0         0      
    +--+------------------------------+------+---------+---------+
       Total:                         518    0         0      
                                                              
    C:\ti\ccs2002\ccs\tools\compiler\ti-cgt-armllvm_4.0.1.LTS\lib\armv6m-ti-none-eabi/libclang_rt.builtins.a
       aeabi_memset.S.obj             12     0         0      
       aeabi_memcpy.S.obj             8      0         0      
    +--+------------------------------+------+---------+---------+
       Total:                         20     0         0      
                                                              
       Stack:                         0      0         512    
       Linker Generated:              0      52        0      
    +--+------------------------------+------+---------+---------+
       Grand Total:                   4768   430       9368   


LINKER GENERATED COPY TABLES

__TI_cinit_table @ 0000144c records: 2, size/record: 8, table size: 16
	.data: load addr=00001428, load size=00000010 bytes, run addr=20202254, run size=00000044 bytes, compression=lzss
	.bss: load addr=00001444, load size=00000008 bytes, run addr=20200000, run size=00002254 bytes, compression=zero_init


LINKER GENERATED HANDLER TABLE

__TI_handler_table @ 00001438 records: 3, size/record: 4, table size: 12
	index: 0, handler: __TI_decompress_lzss
	index: 1, handler: __TI_decompress_none
	index: 2, handler: __TI_zero_init


GLOBAL SYMBOLS: SORTED ALPHABETICALLY BY Name 

address   name                                 
-------   ----                                 
00000d8d  ADC0_IRQHandler                      
0000096b  ADC1_IRQHandler                      
0000096b  AES_IRQHandler                       
00001364  C$$EXIT                              
0000096b  CANFD0_IRQHandler                    
0000096b  DAC0_IRQHandler                      
00001029  DL_ADC12_setClockConfig              
00001341  DL_Common_delayCycles                
00000f4d  DL_DMA_initChannel                   
0000068d  DL_SYSCTL_configSYSPLL               
00000cc5  DL_SYSCTL_setHFCLKSourceHFXTParams   
00000fe5  DL_SYSCTL_switchMCLKfromSYSOSCtoHSCLK
000004a1  DL_Timer_initFourCCPWMMode           
000005a5  DL_Timer_initTimerMode               
00001281  DL_Timer_setCaptCompUpdateMethod     
000012d5  DL_Timer_setCaptureCompareOutCtl     
00001315  DL_Timer_setCaptureCompareValue      
0000129d  DL_Timer_setClockConfig              
0000125d  DL_VREF_configReference              
0000096b  DMA_IRQHandler                       
0000096b  Default_Handler                      
0000096b  GROUP0_IRQHandler                    
000000c1  GROUP1_IRQHandler                    
0000096b  HardFault_Handler                    
0000096b  I2C0_IRQHandler                      
0000096b  I2C1_IRQHandler                      
0000096b  NMI_Handler                          
0000096b  PendSV_Handler                       
0000096b  RTC_IRQHandler                       
00000305  Remote_Handler                       
00001069  Remote_init                          
0000135d  Reset_Handler                        
0000096b  SPI0_IRQHandler                      
0000096b  SPI1_IRQHandler                      
0000096b  SVC_Handler                          
00000821  SYSCFG_DL_ADC12_0_init               
00000ded  SYSCFG_DL_COMP_0_init                
00000e49  SYSCFG_DL_COMP_1_init                
00001215  SYSCFG_DL_DMA_CH0_init               
0000134b  SYSCFG_DL_DMA_init                   
00000bed  SYSCFG_DL_GPIO_init                  
000011c1  SYSCFG_DL_OPA_0_init                 
0000115d  SYSCFG_DL_OPA_1_init                 
00000c59  SYSCFG_DL_PWM_0_init                 
0000096d  SYSCFG_DL_PWM_1_init                 
000009fd  SYSCFG_DL_PWM_2_init                 
00000b09  SYSCFG_DL_SYSCTL_init                
00001191  SYSCFG_DL_SYSTICK_init               
000010a9  SYSCFG_DL_TIMER_0_init               
00000efd  SYSCFG_DL_TIMER_1_init               
00001125  SYSCFG_DL_TIMER_2_init               
000012ed  SYSCFG_DL_VREF_init                  
00000b7d  SYSCFG_DL_init                       
00000769  SYSCFG_DL_initPower                  
00000f99  SysTick_Handler                      
0000096b  TIMA0_IRQHandler                     
000012b9  TIMA1_IRQHandler                     
0000096b  TIMG0_IRQHandler                     
0000096b  TIMG12_IRQHandler                    
0000096b  TIMG6_IRQHandler                     
0000096b  TIMG7_IRQHandler                     
00001239  TIMG8_IRQHandler                     
0000096b  UART0_IRQHandler                     
0000096b  UART1_IRQHandler                     
0000096b  UART2_IRQHandler                     
0000096b  UART3_IRQHandler                     
20208000  __STACK_END                          
00000200  __STACK_SIZE                         
00000000  __TI_ATRegion0_region_sz             
00000000  __TI_ATRegion0_src_addr              
00000000  __TI_ATRegion0_trg_addr              
00000000  __TI_ATRegion1_region_sz             
00000000  __TI_ATRegion1_src_addr              
00000000  __TI_ATRegion1_trg_addr              
00000000  __TI_ATRegion2_region_sz             
00000000  __TI_ATRegion2_src_addr              
00000000  __TI_ATRegion2_trg_addr              
0000144c  __TI_CINIT_Base                      
0000145c  __TI_CINIT_Limit                     
0000145c  __TI_CINIT_Warm                      
00001438  __TI_Handler_Table_Base              
00001444  __TI_Handler_Table_Limit             
000010e9  __TI_auto_init_nobinit_nopinit       
00000a8d  __TI_decompress_lzss                 
00001301  __TI_decompress_none                 
ffffffff  __TI_pprof_out_hndl                  
ffffffff  __TI_prof_data_size                  
ffffffff  __TI_prof_data_start                 
00000000  __TI_static_base__                   
00001325  __TI_zero_init                       
00001335  __aeabi_memclr                       
00001335  __aeabi_memclr4                      
00001335  __aeabi_memclr8                      
00001355  __aeabi_memcpy                       
00001355  __aeabi_memcpy4                      
00001355  __aeabi_memcpy8                      
ffffffff  __binit__                            
UNDEFED   __mpu_init                           
20207e00  __stack                              
20200000  __start___llvm_prf_bits              
20200000  __start___llvm_prf_cnts              
20200000  __stop___llvm_prf_bits               
20200000  __stop___llvm_prf_cnts               
000011ed  _c_int00_noargs                      
UNDEFED   _system_post_cinit                   
00001361  _system_pre_init                     
00001365  abort                                
20202294  adc0_peak                            
20202296  adc1_peak                            
20202254  adc_channel                          
20200000  adc_data                             
ffffffff  binit                                
20202258  comp_t0                              
2020225c  comp_t1                              
20202260  dac0                                 
20202264  dac_th                               
2020223c  data                                 
20202268  data_i                               
20202270  detect_t                             
2020226c  detect_t1                            
20202278  detected                             
20202274  detected1                            
202020b8  gPWM_1Backup                         
20202158  gPWM_2Backup                         
20201f40  gTIMER_0Backup                       
20201ffc  gTIMER_1Backup                       
00000000  interruptVectors                     
00000ea5  main                                 
000008d1  memcpy                               
00000d29  memset                               
2020227c  phase_comp1                          
20202280  phase_diff                           
20202250  pulse_width                          
20202284  recv0                                
20202288  recv1                                
202021f8  remote                               
2020228c  remote_state                         
20202290  utick                                


GLOBAL SYMBOLS: SORTED BY Symbol Address 

address   name                                 
-------   ----                                 
00000000  __TI_ATRegion0_region_sz             
00000000  __TI_ATRegion0_src_addr              
00000000  __TI_ATRegion0_trg_addr              
00000000  __TI_ATRegion1_region_sz             
00000000  __TI_ATRegion1_src_addr              
00000000  __TI_ATRegion1_trg_addr              
00000000  __TI_ATRegion2_region_sz             
00000000  __TI_ATRegion2_src_addr              
00000000  __TI_ATRegion2_trg_addr              
00000000  __TI_static_base__                   
00000000  interruptVectors                     
000000c1  GROUP1_IRQHandler                    
00000200  __STACK_SIZE                         
00000305  Remote_Handler                       
000004a1  DL_Timer_initFourCCPWMMode           
000005a5  DL_Timer_initTimerMode               
0000068d  DL_SYSCTL_configSYSPLL               
00000769  SYSCFG_DL_initPower                  
00000821  SYSCFG_DL_ADC12_0_init               
000008d1  memcpy                               
0000096b  ADC1_IRQHandler                      
0000096b  AES_IRQHandler                       
0000096b  CANFD0_IRQHandler                    
0000096b  DAC0_IRQHandler                      
0000096b  DMA_IRQHandler                       
0000096b  Default_Handler                      
0000096b  GROUP0_IRQHandler                    
0000096b  HardFault_Handler                    
0000096b  I2C0_IRQHandler                      
0000096b  I2C1_IRQHandler                      
0000096b  NMI_Handler                          
0000096b  PendSV_Handler                       
0000096b  RTC_IRQHandler                       
0000096b  SPI0_IRQHandler                      
0000096b  SPI1_IRQHandler                      
0000096b  SVC_Handler                          
0000096b  TIMA0_IRQHandler                     
0000096b  TIMG0_IRQHandler                     
0000096b  TIMG12_IRQHandler                    
0000096b  TIMG6_IRQHandler                     
0000096b  TIMG7_IRQHandler                     
0000096b  UART0_IRQHandler                     
0000096b  UART1_IRQHandler                     
0000096b  UART2_IRQHandler                     
0000096b  UART3_IRQHandler                     
0000096d  SYSCFG_DL_PWM_1_init                 
000009fd  SYSCFG_DL_PWM_2_init                 
00000a8d  __TI_decompress_lzss                 
00000b09  SYSCFG_DL_SYSCTL_init                
00000b7d  SYSCFG_DL_init                       
00000bed  SYSCFG_DL_GPIO_init                  
00000c59  SYSCFG_DL_PWM_0_init                 
00000cc5  DL_SYSCTL_setHFCLKSourceHFXTParams   
00000d29  memset                               
00000d8d  ADC0_IRQHandler                      
00000ded  SYSCFG_DL_COMP_0_init                
00000e49  SYSCFG_DL_COMP_1_init                
00000ea5  main                                 
00000efd  SYSCFG_DL_TIMER_1_init               
00000f4d  DL_DMA_initChannel                   
00000f99  SysTick_Handler                      
00000fe5  DL_SYSCTL_switchMCLKfromSYSOSCtoHSCLK
00001029  DL_ADC12_setClockConfig              
00001069  Remote_init                          
000010a9  SYSCFG_DL_TIMER_0_init               
000010e9  __TI_auto_init_nobinit_nopinit       
00001125  SYSCFG_DL_TIMER_2_init               
0000115d  SYSCFG_DL_OPA_1_init                 
00001191  SYSCFG_DL_SYSTICK_init               
000011c1  SYSCFG_DL_OPA_0_init                 
000011ed  _c_int00_noargs                      
00001215  SYSCFG_DL_DMA_CH0_init               
00001239  TIMG8_IRQHandler                     
0000125d  DL_VREF_configReference              
00001281  DL_Timer_setCaptCompUpdateMethod     
0000129d  DL_Timer_setClockConfig              
000012b9  TIMA1_IRQHandler                     
000012d5  DL_Timer_setCaptureCompareOutCtl     
000012ed  SYSCFG_DL_VREF_init                  
00001301  __TI_decompress_none                 
00001315  DL_Timer_setCaptureCompareValue      
00001325  __TI_zero_init                       
00001335  __aeabi_memclr                       
00001335  __aeabi_memclr4                      
00001335  __aeabi_memclr8                      
00001341  DL_Common_delayCycles                
0000134b  SYSCFG_DL_DMA_init                   
00001355  __aeabi_memcpy                       
00001355  __aeabi_memcpy4                      
00001355  __aeabi_memcpy8                      
0000135d  Reset_Handler                        
00001361  _system_pre_init                     
00001364  C$$EXIT                              
00001365  abort                                
00001438  __TI_Handler_Table_Base              
00001444  __TI_Handler_Table_Limit             
0000144c  __TI_CINIT_Base                      
0000145c  __TI_CINIT_Limit                     
0000145c  __TI_CINIT_Warm                      
20200000  __start___llvm_prf_bits              
20200000  __start___llvm_prf_cnts              
20200000  __stop___llvm_prf_bits               
20200000  __stop___llvm_prf_cnts               
20200000  adc_data                             
20201f40  gTIMER_0Backup                       
20201ffc  gTIMER_1Backup                       
202020b8  gPWM_1Backup                         
20202158  gPWM_2Backup                         
202021f8  remote                               
2020223c  data                                 
20202250  pulse_width                          
20202254  adc_channel                          
20202258  comp_t0                              
2020225c  comp_t1                              
20202260  dac0                                 
20202264  dac_th                               
20202268  data_i                               
2020226c  detect_t1                            
20202270  detect_t                             
20202274  detected1                            
20202278  detected                             
2020227c  phase_comp1                          
20202280  phase_diff                           
20202284  recv0                                
20202288  recv1                                
2020228c  remote_state                         
20202290  utick                                
20202294  adc0_peak                            
20202296  adc1_peak                            
20207e00  __stack                              
20208000  __STACK_END                          
ffffffff  __TI_pprof_out_hndl                  
ffffffff  __TI_prof_data_size                  
ffffffff  __TI_prof_data_start                 
ffffffff  __binit__                            
ffffffff  binit                                
UNDEFED   __mpu_init                           
UNDEFED   _system_post_cinit                   

[138 symbols]
