******************************************************************************
            TI ARM Clang Linker PC v4.0.1                      
******************************************************************************
>> Linked Fri Feb 28 20:39:36 2025

OUTPUT FILE NAME:   <gpio_toggle_output_LP_MSPM0G3507_nortos_ticlang.out>
ENTRY POINT SYMBOL: "_c_int00_noargs"  address: 000011b9


MEMORY CONFIGURATION

         name            origin    length      used     unused   attr    fill
----------------------  --------  ---------  --------  --------  ----  --------
  FLASH                 00000000   00020000  00001430  0001ebd0  R  X
  SRAM                  20200000   00008000  0000248c  00005b74  RW X
  BCR_CONFIG            41c00000   00000080  00000000  00000080  R   
  BSL_CONFIG            41c00100   00000080  00000000  00000080  R   


SEGMENT ALLOCATION MAP

run origin  load origin   length   init length attrs members
----------  ----------- ---------- ----------- ----- -------
00000000    00000000    00001430   00001430    r-x
  00000000    00000000    000000c0   000000c0    r-- .intvecs
  000000c0    000000c0    00001278   00001278    r-x .text
  00001338    00001338    000000c0   000000c0    r-- .rodata
  000013f8    000013f8    00000038   00000038    r-- .cinit
20200000    20200000    0000228c   00000000    rw-
  20200000    20200000    00002248   00000000    rw- .bss
  20202248    20202248    00000044   00000000    rw- .data
20207e00    20207e00    00000200   00000000    rw-
  20207e00    20207e00    00000200   00000000    rw- .stack


SECTION ALLOCATION MAP

 output                                  attributes/
section   page    origin      length       input sections
--------  ----  ----------  ----------   ----------------
.intvecs   0    00000000    000000c0     
                  00000000    000000c0     startup_mspm0g350x_ticlang.o (.intvecs)

.text      0    000000c0    00001278     
                  000000c0    00000244     remote.o (.text.GROUP1_IRQHandler)
                  00000304    00000174     remote.o (.text.Remote_Handler)
                  00000478    00000104     driverlib.a : dl_timer.o (.text.DL_Timer_initFourCCPWMMode)
                  0000057c    000000e8                 : dl_timer.o (.text.DL_Timer_initTimerMode)
                  00000664    000000dc                 : dl_sysctl_mspm0g1x0x_g3x0x.o (.text.DL_SYSCTL_configSYSPLL)
                  00000740    000000b8     ti_msp_dl_config.o (.text.SYSCFG_DL_initPower)
                  000007f8    000000b0     ti_msp_dl_config.o (.text.SYSCFG_DL_ADC12_0_init)
                  000008a8    0000009a     libc.a : memcpy16.S.obj (.text:memcpy)
                  00000942    00000002     startup_mspm0g350x_ticlang.o (.text.Default_Handler)
                  00000944    00000090     ti_msp_dl_config.o (.text.SYSCFG_DL_PWM_1_init)
                  000009d4    00000090     ti_msp_dl_config.o (.text.SYSCFG_DL_PWM_2_init)
                  00000a64    0000007c     libc.a : copy_decompress_lzss.c.obj (.text:decompress:lzss)
                  00000ae0    00000074     ti_msp_dl_config.o (.text.SYSCFG_DL_SYSCTL_init)
                  00000b54    00000070     ti_msp_dl_config.o (.text.SYSCFG_DL_init)
                  00000bc4    0000006c     ti_msp_dl_config.o (.text.SYSCFG_DL_GPIO_init)
                  00000c30    0000006c     ti_msp_dl_config.o (.text.SYSCFG_DL_PWM_0_init)
                  00000c9c    00000064     driverlib.a : dl_sysctl_mspm0g1x0x_g3x0x.o (.text.DL_SYSCTL_setHFCLKSourceHFXTParams)
                  00000d00    00000062     libc.a : memset16.S.obj (.text:memset)
                  00000d62    00000002     --HOLE-- [fill = 0]
                  00000d64    00000060     remote.o (.text.ADC0_IRQHandler)
                  00000dc4    0000005c     ti_msp_dl_config.o (.text.SYSCFG_DL_COMP_0_init)
                  00000e20    0000005c     ti_msp_dl_config.o (.text.SYSCFG_DL_COMP_1_init)
                  00000e7c    00000058     gpio_toggle_output.o (.text.main)
                  00000ed4    00000050     ti_msp_dl_config.o (.text.SYSCFG_DL_TIMER_1_init)
                  00000f24    0000004c     driverlib.a : dl_dma.o (.text.DL_DMA_initChannel)
                  00000f70    0000004c     gpio_toggle_output.o (.text.SysTick_Handler)
                  00000fbc    00000044     driverlib.a : dl_sysctl_mspm0g1x0x_g3x0x.o (.text.DL_SYSCTL_switchMCLKfromSYSOSCtoHSCLK)
                  00001000    00000040                 : dl_adc12.o (.text.DL_ADC12_setClockConfig)
                  00001040    00000040     ti_msp_dl_config.o (.text.SYSCFG_DL_TIMER_0_init)
                  00001080    0000003c     libc.a : autoinit.c.obj (.text:__TI_auto_init_nobinit_nopinit)
                  000010bc    00000038     ti_msp_dl_config.o (.text.SYSCFG_DL_TIMER_2_init)
                  000010f4    00000034     remote.o (.text.Remote_init)
                  00001128    00000034     ti_msp_dl_config.o (.text.SYSCFG_DL_OPA_1_init)
                  0000115c    00000030     ti_msp_dl_config.o (.text.SYSCFG_DL_SYSTICK_init)
                  0000118c    0000002c     ti_msp_dl_config.o (.text.SYSCFG_DL_OPA_0_init)
                  000011b8    00000028     libc.a : boot_cortex_m.c.obj (.text:_c_int00_noargs)
                  000011e0    00000024     ti_msp_dl_config.o (.text.SYSCFG_DL_DMA_CH0_init)
                  00001204    00000024     remote.o (.text.TIMG8_IRQHandler)
                  00001228    00000022     driverlib.a : dl_vref.o (.text.DL_VREF_configReference)
                  0000124a    00000002     --HOLE-- [fill = 0]
                  0000124c    0000001c                 : dl_timer.o (.text.DL_Timer_setCaptCompUpdateMethod)
                  00001268    0000001c                 : dl_timer.o (.text.DL_Timer_setClockConfig)
                  00001284    0000001c     remote.o (.text.TIMA1_IRQHandler)
                  000012a0    00000018     driverlib.a : dl_timer.o (.text.DL_Timer_setCaptureCompareOutCtl)
                  000012b8    00000014     ti_msp_dl_config.o (.text.SYSCFG_DL_VREF_init)
                  000012cc    00000012     libc.a : copy_decompress_none.c.obj (.text:decompress:none)
                  000012de    00000002     --HOLE-- [fill = 0]
                  000012e0    00000010     driverlib.a : dl_timer.o (.text.DL_Timer_setCaptureCompareValue)
                  000012f0    00000010     libc.a : copy_zero_init.c.obj (.text:decompress:ZI)
                  00001300    0000000c     libclang_rt.builtins.a : aeabi_memset.S.obj (.text.__aeabi_memclr)
                  0000130c    0000000a     driverlib.a : dl_common.o (.text.DL_Common_delayCycles)
                  00001316    00000008     ti_msp_dl_config.o (.text.SYSCFG_DL_DMA_init)
                  0000131e    00000002     --HOLE-- [fill = 0]
                  00001320    00000008     libclang_rt.builtins.a : aeabi_memcpy.S.obj (.text.__aeabi_memcpy)
                  00001328    00000004     startup_mspm0g350x_ticlang.o (.text.Reset_Handler)
                  0000132c    00000004     libc.a : pre_init.c.obj (.text._system_pre_init)
                  00001330    00000004            : exit.c.obj (.text:abort)
                  00001334    00000004     --HOLE-- [fill = 0]

.cinit     0    000013f8    00000038     
                  000013f8    00000010     (.cinit..data.load) [load image, compression = lzss]
                  00001408    0000000c     (__TI_handler_table)
                  00001414    00000008     (.cinit..bss.load) [load image, compression = zero_init]
                  0000141c    00000010     (__TI_cinit_table)
                  0000142c    00000004     --HOLE-- [fill = 0]

.rodata    0    00001338    000000c0     
                  00001338    00000028     ti_msp_dl_config.o (.rodata.gSYSPLLConfig)
                  00001360    00000018     ti_msp_dl_config.o (.rodata.gDMA_CH0Config)
                  00001378    00000014     ti_msp_dl_config.o (.rodata.gTIMER_0TimerConfig)
                  0000138c    00000014     ti_msp_dl_config.o (.rodata.gTIMER_1TimerConfig)
                  000013a0    00000014     ti_msp_dl_config.o (.rodata.gTIMER_2TimerConfig)
                  000013b4    0000000c     ti_msp_dl_config.o (.rodata.gVREFConfig)
                  000013c0    00000008     ti_msp_dl_config.o (.rodata.gADC12_0ClockConfig)
                  000013c8    00000008     ti_msp_dl_config.o (.rodata.gPWM_0Config)
                  000013d0    00000008     ti_msp_dl_config.o (.rodata.gPWM_1Config)
                  000013d8    00000008     ti_msp_dl_config.o (.rodata.gPWM_2Config)
                  000013e0    00000003     ti_msp_dl_config.o (.rodata.gPWM_0ClockConfig)
                  000013e3    00000003     ti_msp_dl_config.o (.rodata.gPWM_1ClockConfig)
                  000013e6    00000003     ti_msp_dl_config.o (.rodata.gPWM_2ClockConfig)
                  000013e9    00000003     ti_msp_dl_config.o (.rodata.gTIMER_0ClockConfig)
                  000013ec    00000003     ti_msp_dl_config.o (.rodata.gTIMER_1ClockConfig)
                  000013ef    00000003     ti_msp_dl_config.o (.rodata.gTIMER_2ClockConfig)
                  000013f2    00000006     --HOLE-- [fill = 0]

.init_array 
*          0    00000000    00000000     UNINITIALIZED

.binit     0    00000000    00000000     

.bss       0    20200000    00002248     UNINITIALIZED
                  20200000    00001f40     (.common:adc_data)
                  20201f40    000000bc     (.common:gTIMER_0Backup)
                  20201ffc    000000bc     (.common:gTIMER_1Backup)
                  202020b8    000000a0     (.common:gPWM_1Backup)
                  20202158    000000a0     (.common:gPWM_2Backup)
                  202021f8    00000038     (.common:remote)
                  20202230    00000014     (.common:data)
                  20202244    00000004     (.common:pulse_width)

.data      0    20202248    00000044     UNINITIALIZED
                  20202248    00000004     remote.o (.data.adc_channel)
                  2020224c    00000004     remote.o (.data.comp_t0)
                  20202250    00000004     remote.o (.data.comp_t1)
                  20202254    00000004     remote.o (.data.dac0)
                  20202258    00000004     remote.o (.data.dac_th)
                  2020225c    00000004     remote.o (.data.data_i)
                  20202260    00000004     remote.o (.data.detect_t1)
                  20202264    00000004     remote.o (.data.detect_t)
                  20202268    00000004     remote.o (.data.detected1)
                  2020226c    00000004     remote.o (.data.detected)
                  20202270    00000004     remote.o (.data.phase_comp1)
                  20202274    00000004     remote.o (.data.phase_diff)
                  20202278    00000004     remote.o (.data.recv0)
                  2020227c    00000004     remote.o (.data.recv1)
                  20202280    00000004     remote.o (.data.remote_state)
                  20202284    00000004     gpio_toggle_output.o (.data.utick)
                  20202288    00000002     remote.o (.data.adc0_peak)
                  2020228a    00000002     remote.o (.data.adc1_peak)

.stack     0    20207e00    00000200     UNINITIALIZED
                  20207e00    00000004     libc.a : boot_cortex_m.c.obj (.stack)
                  20207e04    000001fc     --HOLE--

__llvm_prf_cnts 
*          0    20200000    00000000     UNINITIALIZED

__llvm_prf_bits 
*          0    20200000    00000000     UNINITIALIZED

MODULE SUMMARY

       Module                         code   ro data   rw data
       ------                         ----   -------   -------
    .\
       remote.o                       1164   0         8144   
       ti_msp_dl_config.o             1684   186       696    
       startup_mspm0g350x_ticlang.o   6      192       0      
       gpio_toggle_output.o           164    0         4      
    +--+------------------------------+------+---------+---------+
       Total:                         3018   378       8844   
                                                              
    C:/ti/mspm0_sdk_2_03_00_07/source/ti/driverlib/lib/ticlang/m0p/mspm0g1x0x_g3x0x/driverlib.a
       dl_timer.o                     588    0         0      
       dl_sysctl_mspm0g1x0x_g3x0x.o   388    0         0      
       dl_dma.o                       76     0         0      
       dl_adc12.o                     64     0         0      
       dl_vref.o                      34     0         0      
       dl_common.o                    10     0         0      
    +--+------------------------------+------+---------+---------+
       Total:                         1160   0         0      
                                                              
    C:\ti\ccs2002\ccs\tools\compiler\ti-cgt-armllvm_4.0.1.LTS\lib\armv6m-ti-none-eabi/c/libc.a
       memcpy16.S.obj                 154    0         0      
       copy_decompress_lzss.c.obj     124    0         0      
       memset16.S.obj                 98     0         0      
       autoinit.c.obj                 60     0         0      
       boot_cortex_m.c.obj            40     0         0      
       copy_decompress_none.c.obj     18     0         0      
       copy_zero_init.c.obj           16     0         0      
       exit.c.obj                     4      0         0      
       pre_init.c.obj                 4      0         0      
    +--+------------------------------+------+---------+---------+
       Total:                         518    0         0      
                                                              
    C:\ti\ccs2002\ccs\tools\compiler\ti-cgt-armllvm_4.0.1.LTS\lib\armv6m-ti-none-eabi/libclang_rt.builtins.a
       aeabi_memset.S.obj             12     0         0      
       aeabi_memcpy.S.obj             8      0         0      
    +--+------------------------------+------+---------+---------+
       Total:                         20     0         0      
                                                              
       Stack:                         0      0         512    
       Linker Generated:              0      52        0      
    +--+------------------------------+------+---------+---------+
       Grand Total:                   4716   430       9356   


LINKER GENERATED COPY TABLES

__TI_cinit_table @ 0000141c records: 2, size/record: 8, table size: 16
	.data: load addr=000013f8, load size=00000010 bytes, run addr=20202248, run size=00000044 bytes, compression=lzss
	.bss: load addr=00001414, load size=00000008 bytes, run addr=20200000, run size=00002248 bytes, compression=zero_init


LINKER GENERATED HANDLER TABLE

__TI_handler_table @ 00001408 records: 3, size/record: 4, table size: 12
	index: 0, handler: __TI_decompress_lzss
	index: 1, handler: __TI_decompress_none
	index: 2, handler: __TI_zero_init


GLOBAL SYMBOLS: SORTED ALPHABETICALLY BY Name 

address   name                                 
-------   ----                                 
00000d65  ADC0_IRQHandler                      
00000943  ADC1_IRQHandler                      
00000943  AES_IRQHandler                       
00001330  C$$EXIT                              
00000943  CANFD0_IRQHandler                    
00000943  DAC0_IRQHandler                      
00001001  DL_ADC12_setClockConfig              
0000130d  DL_Common_delayCycles                
00000f25  DL_DMA_initChannel                   
00000665  DL_SYSCTL_configSYSPLL               
00000c9d  DL_SYSCTL_setHFCLKSourceHFXTParams   
00000fbd  DL_SYSCTL_switchMCLKfromSYSOSCtoHSCLK
00000479  DL_Timer_initFourCCPWMMode           
0000057d  DL_Timer_initTimerMode               
0000124d  DL_Timer_setCaptCompUpdateMethod     
000012a1  DL_Timer_setCaptureCompareOutCtl     
000012e1  DL_Timer_setCaptureCompareValue      
00001269  DL_Timer_setClockConfig              
00001229  DL_VREF_configReference              
00000943  DMA_IRQHandler                       
00000943  Default_Handler                      
00000943  GROUP0_IRQHandler                    
000000c1  GROUP1_IRQHandler                    
00000943  HardFault_Handler                    
00000943  I2C0_IRQHandler                      
00000943  I2C1_IRQHandler                      
00000943  NMI_Handler                          
00000943  PendSV_Handler                       
00000943  RTC_IRQHandler                       
00000305  Remote_Handler                       
000010f5  Remote_init                          
00001329  Reset_Handler                        
00000943  SPI0_IRQHandler                      
00000943  SPI1_IRQHandler                      
00000943  SVC_Handler                          
000007f9  SYSCFG_DL_ADC12_0_init               
00000dc5  SYSCFG_DL_COMP_0_init                
00000e21  SYSCFG_DL_COMP_1_init                
000011e1  SYSCFG_DL_DMA_CH0_init               
00001317  SYSCFG_DL_DMA_init                   
00000bc5  SYSCFG_DL_GPIO_init                  
0000118d  SYSCFG_DL_OPA_0_init                 
00001129  SYSCFG_DL_OPA_1_init                 
00000c31  SYSCFG_DL_PWM_0_init                 
00000945  SYSCFG_DL_PWM_1_init                 
000009d5  SYSCFG_DL_PWM_2_init                 
00000ae1  SYSCFG_DL_SYSCTL_init                
0000115d  SYSCFG_DL_SYSTICK_init               
00001041  SYSCFG_DL_TIMER_0_init               
00000ed5  SYSCFG_DL_TIMER_1_init               
000010bd  SYSCFG_DL_TIMER_2_init               
000012b9  SYSCFG_DL_VREF_init                  
00000b55  SYSCFG_DL_init                       
00000741  SYSCFG_DL_initPower                  
00000f71  SysTick_Handler                      
00000943  TIMA0_IRQHandler                     
00001285  TIMA1_IRQHandler                     
00000943  TIMG0_IRQHandler                     
00000943  TIMG12_IRQHandler                    
00000943  TIMG6_IRQHandler                     
00000943  TIMG7_IRQHandler                     
00001205  TIMG8_IRQHandler                     
00000943  UART0_IRQHandler                     
00000943  UART1_IRQHandler                     
00000943  UART2_IRQHandler                     
00000943  UART3_IRQHandler                     
20208000  __STACK_END                          
00000200  __STACK_SIZE                         
00000000  __TI_ATRegion0_region_sz             
00000000  __TI_ATRegion0_src_addr              
00000000  __TI_ATRegion0_trg_addr              
00000000  __TI_ATRegion1_region_sz             
00000000  __TI_ATRegion1_src_addr              
00000000  __TI_ATRegion1_trg_addr              
00000000  __TI_ATRegion2_region_sz             
00000000  __TI_ATRegion2_src_addr              
00000000  __TI_ATRegion2_trg_addr              
0000141c  __TI_CINIT_Base                      
0000142c  __TI_CINIT_Limit                     
0000142c  __TI_CINIT_Warm                      
00001408  __TI_Handler_Table_Base              
00001414  __TI_Handler_Table_Limit             
00001081  __TI_auto_init_nobinit_nopinit       
00000a65  __TI_decompress_lzss                 
000012cd  __TI_decompress_none                 
ffffffff  __TI_pprof_out_hndl                  
ffffffff  __TI_prof_data_size                  
ffffffff  __TI_prof_data_start                 
00000000  __TI_static_base__                   
000012f1  __TI_zero_init                       
00001301  __aeabi_memclr                       
00001301  __aeabi_memclr4                      
00001301  __aeabi_memclr8                      
00001321  __aeabi_memcpy                       
00001321  __aeabi_memcpy4                      
00001321  __aeabi_memcpy8                      
ffffffff  __binit__                            
UNDEFED   __mpu_init                           
20207e00  __stack                              
20200000  __start___llvm_prf_bits              
20200000  __start___llvm_prf_cnts              
20200000  __stop___llvm_prf_bits               
20200000  __stop___llvm_prf_cnts               
000011b9  _c_int00_noargs                      
UNDEFED   _system_post_cinit                   
0000132d  _system_pre_init                     
00001331  abort                                
20202288  adc0_peak                            
2020228a  adc1_peak                            
20202248  adc_channel                          
20200000  adc_data                             
ffffffff  binit                                
2020224c  comp_t0                              
20202250  comp_t1                              
20202254  dac0                                 
20202258  dac_th                               
20202230  data                                 
2020225c  data_i                               
20202264  detect_t                             
20202260  detect_t1                            
2020226c  detected                             
20202268  detected1                            
202020b8  gPWM_1Backup                         
20202158  gPWM_2Backup                         
20201f40  gTIMER_0Backup                       
20201ffc  gTIMER_1Backup                       
00000000  interruptVectors                     
00000e7d  main                                 
000008a9  memcpy                               
00000d01  memset                               
20202270  phase_comp1                          
20202274  phase_diff                           
20202244  pulse_width                          
20202278  recv0                                
2020227c  recv1                                
202021f8  remote                               
20202280  remote_state                         
20202284  utick                                


GLOBAL SYMBOLS: SORTED BY Symbol Address 

address   name                                 
-------   ----                                 
00000000  __TI_ATRegion0_region_sz             
00000000  __TI_ATRegion0_src_addr              
00000000  __TI_ATRegion0_trg_addr              
00000000  __TI_ATRegion1_region_sz             
00000000  __TI_ATRegion1_src_addr              
00000000  __TI_ATRegion1_trg_addr              
00000000  __TI_ATRegion2_region_sz             
00000000  __TI_ATRegion2_src_addr              
00000000  __TI_ATRegion2_trg_addr              
00000000  __TI_static_base__                   
00000000  interruptVectors                     
000000c1  GROUP1_IRQHandler                    
00000200  __STACK_SIZE                         
00000305  Remote_Handler                       
00000479  DL_Timer_initFourCCPWMMode           
0000057d  DL_Timer_initTimerMode               
00000665  DL_SYSCTL_configSYSPLL               
00000741  SYSCFG_DL_initPower                  
000007f9  SYSCFG_DL_ADC12_0_init               
000008a9  memcpy                               
00000943  ADC1_IRQHandler                      
00000943  AES_IRQHandler                       
00000943  CANFD0_IRQHandler                    
00000943  DAC0_IRQHandler                      
00000943  DMA_IRQHandler                       
00000943  Default_Handler                      
00000943  GROUP0_IRQHandler                    
00000943  HardFault_Handler                    
00000943  I2C0_IRQHandler                      
00000943  I2C1_IRQHandler                      
00000943  NMI_Handler                          
00000943  PendSV_Handler                       
00000943  RTC_IRQHandler                       
00000943  SPI0_IRQHandler                      
00000943  SPI1_IRQHandler                      
00000943  SVC_Handler                          
00000943  TIMA0_IRQHandler                     
00000943  TIMG0_IRQHandler                     
00000943  TIMG12_IRQHandler                    
00000943  TIMG6_IRQHandler                     
00000943  TIMG7_IRQHandler                     
00000943  UART0_IRQHandler                     
00000943  UART1_IRQHandler                     
00000943  UART2_IRQHandler                     
00000943  UART3_IRQHandler                     
00000945  SYSCFG_DL_PWM_1_init                 
000009d5  SYSCFG_DL_PWM_2_init                 
00000a65  __TI_decompress_lzss                 
00000ae1  SYSCFG_DL_SYSCTL_init                
00000b55  SYSCFG_DL_init                       
00000bc5  SYSCFG_DL_GPIO_init                  
00000c31  SYSCFG_DL_PWM_0_init                 
00000c9d  DL_SYSCTL_setHFCLKSourceHFXTParams   
00000d01  memset                               
00000d65  ADC0_IRQHandler                      
00000dc5  SYSCFG_DL_COMP_0_init                
00000e21  SYSCFG_DL_COMP_1_init                
00000e7d  main                                 
00000ed5  SYSCFG_DL_TIMER_1_init               
00000f25  DL_DMA_initChannel                   
00000f71  SysTick_Handler                      
00000fbd  DL_SYSCTL_switchMCLKfromSYSOSCtoHSCLK
00001001  DL_ADC12_setClockConfig              
00001041  SYSCFG_DL_TIMER_0_init               
00001081  __TI_auto_init_nobinit_nopinit       
000010bd  SYSCFG_DL_TIMER_2_init               
000010f5  Remote_init                          
00001129  SYSCFG_DL_OPA_1_init                 
0000115d  SYSCFG_DL_SYSTICK_init               
0000118d  SYSCFG_DL_OPA_0_init                 
000011b9  _c_int00_noargs                      
000011e1  SYSCFG_DL_DMA_CH0_init               
00001205  TIMG8_IRQHandler                     
00001229  DL_VREF_configReference              
0000124d  DL_Timer_setCaptCompUpdateMethod     
00001269  DL_Timer_setClockConfig              
00001285  TIMA1_IRQHandler                     
000012a1  DL_Timer_setCaptureCompareOutCtl     
000012b9  SYSCFG_DL_VREF_init                  
000012cd  __TI_decompress_none                 
000012e1  DL_Timer_setCaptureCompareValue      
000012f1  __TI_zero_init                       
00001301  __aeabi_memclr                       
00001301  __aeabi_memclr4                      
00001301  __aeabi_memclr8                      
0000130d  DL_Common_delayCycles                
00001317  SYSCFG_DL_DMA_init                   
00001321  __aeabi_memcpy                       
00001321  __aeabi_memcpy4                      
00001321  __aeabi_memcpy8                      
00001329  Reset_Handler                        
0000132d  _system_pre_init                     
00001330  C$$EXIT                              
00001331  abort                                
00001408  __TI_Handler_Table_Base              
00001414  __TI_Handler_Table_Limit             
0000141c  __TI_CINIT_Base                      
0000142c  __TI_CINIT_Limit                     
0000142c  __TI_CINIT_Warm                      
20200000  __start___llvm_prf_bits              
20200000  __start___llvm_prf_cnts              
20200000  __stop___llvm_prf_bits               
20200000  __stop___llvm_prf_cnts               
20200000  adc_data                             
20201f40  gTIMER_0Backup                       
20201ffc  gTIMER_1Backup                       
202020b8  gPWM_1Backup                         
20202158  gPWM_2Backup                         
202021f8  remote                               
20202230  data                                 
20202244  pulse_width                          
20202248  adc_channel                          
2020224c  comp_t0                              
20202250  comp_t1                              
20202254  dac0                                 
20202258  dac_th                               
2020225c  data_i                               
20202260  detect_t1                            
20202264  detect_t                             
20202268  detected1                            
2020226c  detected                             
20202270  phase_comp1                          
20202274  phase_diff                           
20202278  recv0                                
2020227c  recv1                                
20202280  remote_state                         
20202284  utick                                
20202288  adc0_peak                            
2020228a  adc1_peak                            
20207e00  __stack                              
20208000  __STACK_END                          
ffffffff  __TI_pprof_out_hndl                  
ffffffff  __TI_prof_data_size                  
ffffffff  __TI_prof_data_start                 
ffffffff  __binit__                            
ffffffff  binit                                
UNDEFED   __mpu_init                           
UNDEFED   _system_post_cinit                   

[138 symbols]
